<?xml version="1.0" encoding="ISO-8859-1" ?>
<link_info>
   <banner>MSP430 Linker Unix v20.2.5.LTS</banner>
   <copyright>Copyright (c) 2003-2018 Texas Instruments Incorporated</copyright>
   <link_time>0x60cf9213</link_time>
   <link_errors>0x0</link_errors>
   <output_file>tower_app.out</output_file>
   <entry_point>
      <name>_c_int00_noargs_mpu</name>
      <address>0x4444</address>
   </entry_point>
   <input_file_list>
      <input_file id="fl-2">
         <path>./</path>
         <kind>object</kind>
         <file>main.obj</file>
         <name>main.obj</name>
      </input_file>
      <input_file id="fl-3">
         <path>./mu_platform/</path>
         <kind>object</kind>
         <file>mu_platform.obj</file>
         <name>mu_platform.obj</name>
      </input_file>
      <input_file id="fl-4">
         <path>./mu_platform/</path>
         <kind>object</kind>
         <file>mu_stddemo.obj</file>
         <name>mu_stddemo.obj</name>
      </input_file>
      <input_file id="fl-5">
         <path>./mu_platform/</path>
         <kind>object</kind>
         <file>mu_time.obj</file>
         <name>mu_time.obj</name>
      </input_file>
      <input_file id="fl-6">
         <path>./mulib/core/</path>
         <kind>object</kind>
         <file>mu_bvec.obj</file>
         <name>mu_bvec.obj</name>
      </input_file>
      <input_file id="fl-7">
         <path>./mulib/core/</path>
         <kind>object</kind>
         <file>mu_cirq.obj</file>
         <name>mu_cirq.obj</name>
      </input_file>
      <input_file id="fl-8">
         <path>./mulib/core/</path>
         <kind>object</kind>
         <file>mu_dlist.obj</file>
         <name>mu_dlist.obj</name>
      </input_file>
      <input_file id="fl-9">
         <path>./mulib/core/</path>
         <kind>object</kind>
         <file>mu_fsm.obj</file>
         <name>mu_fsm.obj</name>
      </input_file>
      <input_file id="fl-a">
         <path>./mulib/core/</path>
         <kind>object</kind>
         <file>mu_list.obj</file>
         <name>mu_list.obj</name>
      </input_file>
      <input_file id="fl-b">
         <path>./mulib/core/</path>
         <kind>object</kind>
         <file>mu_log.obj</file>
         <name>mu_log.obj</name>
      </input_file>
      <input_file id="fl-c">
         <path>./mulib/core/</path>
         <kind>object</kind>
         <file>mu_pstore.obj</file>
         <name>mu_pstore.obj</name>
      </input_file>
      <input_file id="fl-d">
         <path>./mulib/core/</path>
         <kind>object</kind>
         <file>mu_queue.obj</file>
         <name>mu_queue.obj</name>
      </input_file>
      <input_file id="fl-f">
         <path>./mulib/core/</path>
         <kind>object</kind>
         <file>mu_spsc.obj</file>
         <name>mu_spsc.obj</name>
      </input_file>
      <input_file id="fl-10">
         <path>./mulib/core/</path>
         <kind>object</kind>
         <file>mu_str.obj</file>
         <name>mu_str.obj</name>
      </input_file>
      <input_file id="fl-11">
         <path>./mulib/core/</path>
         <kind>object</kind>
         <file>mu_strbuf.obj</file>
         <name>mu_strbuf.obj</name>
      </input_file>
      <input_file id="fl-12">
         <path>./mulib/core/</path>
         <kind>object</kind>
         <file>mu_task.obj</file>
         <name>mu_task.obj</name>
      </input_file>
      <input_file id="fl-13">
         <path>./mulib/core/</path>
         <kind>object</kind>
         <file>mu_thunk.obj</file>
         <name>mu_thunk.obj</name>
      </input_file>
      <input_file id="fl-14">
         <path>./mulib/core/</path>
         <kind>object</kind>
         <file>mu_timer.obj</file>
         <name>mu_timer.obj</name>
      </input_file>
      <input_file id="fl-15">
         <path>./mulib/core/</path>
         <kind>object</kind>
         <file>mu_vect.obj</file>
         <name>mu_vect.obj</name>
      </input_file>
      <input_file id="fl-16">
         <path>./mulib/core/</path>
         <kind>object</kind>
         <file>mu_version.obj</file>
         <name>mu_version.obj</name>
      </input_file>
      <input_file id="fl-17">
         <path>./mulib/extras/</path>
         <kind>object</kind>
         <file>mu_random.obj</file>
         <name>mu_random.obj</name>
      </input_file>
      <input_file id="fl-18">
         <path>./mulib/extras/</path>
         <kind>object</kind>
         <file>mu_rfc_1123.obj</file>
         <name>mu_rfc_1123.obj</name>
      </input_file>
      <input_file id="fl-19">
         <path>./mulib/</path>
         <kind>object</kind>
         <file>mulib.obj</file>
         <name>mulib.obj</name>
      </input_file>
      <input_file id="fl-1a">
         <path>./tower_eg/</path>
         <kind>object</kind>
         <file>animator.obj</file>
         <name>animator.obj</name>
      </input_file>
      <input_file id="fl-1b">
         <path>./tower_eg/</path>
         <kind>object</kind>
         <file>ansi_term.obj</file>
         <name>ansi_term.obj</name>
      </input_file>
      <input_file id="fl-1c">
         <path>./tower_eg/</path>
         <kind>object</kind>
         <file>disk.obj</file>
         <name>disk.obj</name>
      </input_file>
      <input_file id="fl-1d">
         <path>./tower_eg/</path>
         <kind>object</kind>
         <file>fb.obj</file>
         <name>fb.obj</name>
      </input_file>
      <input_file id="fl-1e">
         <path>./tower_eg/</path>
         <kind>object</kind>
         <file>pole.obj</file>
         <name>pole.obj</name>
      </input_file>
      <input_file id="fl-1f">
         <path>./tower_eg/</path>
         <kind>object</kind>
         <file>tower.obj</file>
         <name>tower.obj</name>
      </input_file>
      <input_file id="fl-46">
         <path>/Applications/ti/ccs1031/ccs/tools/compiler/ti-cgt-msp430_20.2.5.LTS/lib/</path>
         <kind>archive</kind>
         <file>rts430x_lc_rd_eabi.lib</file>
         <name>copy_decompress_lzss.c.obj</name>
      </input_file>
      <input_file id="fl-47">
         <path>/Applications/ti/ccs1031/ccs/tools/compiler/ti-cgt-msp430_20.2.5.LTS/lib/</path>
         <kind>archive</kind>
         <file>rts430x_lc_rd_eabi.lib</file>
         <name>copy_decompress_none.c.obj</name>
      </input_file>
      <input_file id="fl-6c">
         <path>/Applications/ti/ccs1031/ccs/tools/compiler/ti-cgt-msp430_20.2.5.LTS/lib/</path>
         <kind>archive</kind>
         <file>rts430x_lc_rd_eabi.lib</file>
         <name>copy_zero_init.c.obj</name>
      </input_file>
      <input_file id="fl-7a">
         <path>/Applications/ti/ccs1031/ccs/ccs_base/msp430/lib/FR59xx/</path>
         <kind>archive</kind>
         <file>MSPMPU_INIT_LIB_CCS_msp430_large_code_restricted_data.lib</file>
         <name>mpu_init.o</name>
      </input_file>
      <input_file id="fl-7e">
         <path>/Applications/ti/ccs1031/ccs/tools/compiler/ti-cgt-msp430_20.2.5.LTS/lib/</path>
         <kind>archive</kind>
         <file>rts430x_lc_rd_eabi.lib</file>
         <name>pre_init.c.obj</name>
      </input_file>
      <input_file id="fl-7f">
         <path>/Applications/ti/ccs1031/ccs/tools/compiler/ti-cgt-msp430_20.2.5.LTS/lib/</path>
         <kind>archive</kind>
         <file>rts430x_lc_rd_eabi.lib</file>
         <name>cpy_tbl.c.obj</name>
      </input_file>
      <input_file id="fl-81">
         <path>/Applications/ti/ccs1031/ccs/tools/compiler/ti-cgt-msp430_20.2.5.LTS/lib/</path>
         <kind>archive</kind>
         <file>rts430x_lc_rd_eabi.lib</file>
         <name>exit_gvars.c.obj</name>
      </input_file>
      <input_file id="fl-82">
         <path>/Applications/ti/ccs1031/ccs/tools/compiler/ti-cgt-msp430_20.2.5.LTS/lib/</path>
         <kind>archive</kind>
         <file>rts430x_lc_rd_eabi.lib</file>
         <name>_lock.c.obj</name>
      </input_file>
      <input_file id="fl-83">
         <path>/Applications/ti/ccs1031/ccs/tools/compiler/ti-cgt-msp430_20.2.5.LTS/lib/</path>
         <kind>archive</kind>
         <file>rts430x_lc_rd_eabi.lib</file>
         <name>memcpy.c.obj</name>
      </input_file>
      <input_file id="fl-84">
         <path>/Applications/ti/ccs1031/ccs/tools/compiler/ti-cgt-msp430_20.2.5.LTS/lib/</path>
         <kind>archive</kind>
         <file>rts430x_lc_rd_eabi.lib</file>
         <name>memmov.c.obj</name>
      </input_file>
      <input_file id="fl-85">
         <path>/Applications/ti/ccs1031/ccs/tools/compiler/ti-cgt-msp430_20.2.5.LTS/lib/</path>
         <kind>archive</kind>
         <file>rts430x_lc_rd_eabi.lib</file>
         <name>memset.c.obj</name>
      </input_file>
      <input_file id="fl-86">
         <path>/Applications/ti/ccs1031/ccs/tools/compiler/ti-cgt-msp430_20.2.5.LTS/lib/</path>
         <kind>archive</kind>
         <file>rts430x_lc_rd_eabi.lib</file>
         <name>printf.c.obj</name>
      </input_file>
      <input_file id="fl-87">
         <path>/Applications/ti/ccs1031/ccs/tools/compiler/ti-cgt-msp430_20.2.5.LTS/lib/</path>
         <kind>archive</kind>
         <file>rts430x_lc_rd_eabi.lib</file>
         <name>_printfi_nf.c.obj</name>
      </input_file>
      <input_file id="fl-88">
         <path>/Applications/ti/ccs1031/ccs/tools/compiler/ti-cgt-msp430_20.2.5.LTS/lib/</path>
         <kind>archive</kind>
         <file>rts430x_lc_rd_eabi.lib</file>
         <name>div64u.c.obj</name>
      </input_file>
      <input_file id="fl-89">
         <path>/Applications/ti/ccs1031/ccs/tools/compiler/ti-cgt-msp430_20.2.5.LTS/lib/</path>
         <kind>archive</kind>
         <file>rts430x_lc_rd_eabi.lib</file>
         <name>lsl64.c.obj</name>
      </input_file>
      <input_file id="fl-8b">
         <path>/Applications/ti/ccs1031/ccs/tools/compiler/ti-cgt-msp430_20.2.5.LTS/lib/</path>
         <kind>archive</kind>
         <file>rts430x_lc_rd_eabi.lib</file>
         <name>lsr64.c.obj</name>
      </input_file>
      <input_file id="fl-8c">
         <path>/Applications/ti/ccs1031/ccs/tools/compiler/ti-cgt-msp430_20.2.5.LTS/lib/</path>
         <kind>archive</kind>
         <file>rts430x_lc_rd_eabi.lib</file>
         <name>defs.c.obj</name>
      </input_file>
      <input_file id="fl-8d">
         <path>/Applications/ti/ccs1031/ccs/tools/compiler/ti-cgt-msp430_20.2.5.LTS/lib/</path>
         <kind>archive</kind>
         <file>rts430x_lc_rd_eabi.lib</file>
         <name>atoi.c.obj</name>
      </input_file>
      <input_file id="fl-8e">
         <path>/Applications/ti/ccs1031/ccs/tools/compiler/ti-cgt-msp430_20.2.5.LTS/lib/</path>
         <kind>archive</kind>
         <file>rts430x_lc_rd_eabi.lib</file>
         <name>ctype.c.obj</name>
      </input_file>
      <input_file id="fl-8f">
         <path>/Applications/ti/ccs1031/ccs/tools/compiler/ti-cgt-msp430_20.2.5.LTS/lib/</path>
         <kind>archive</kind>
         <file>rts430x_lc_rd_eabi.lib</file>
         <name>errno.c.obj</name>
      </input_file>
      <input_file id="fl-90">
         <path>/Applications/ti/ccs1031/ccs/tools/compiler/ti-cgt-msp430_20.2.5.LTS/lib/</path>
         <kind>archive</kind>
         <file>rts430x_lc_rd_eabi.lib</file>
         <name>fputc.c.obj</name>
      </input_file>
      <input_file id="fl-91">
         <path>/Applications/ti/ccs1031/ccs/tools/compiler/ti-cgt-msp430_20.2.5.LTS/lib/</path>
         <kind>archive</kind>
         <file>rts430x_lc_rd_eabi.lib</file>
         <name>fflush.c.obj</name>
      </input_file>
      <input_file id="fl-92">
         <path>/Applications/ti/ccs1031/ccs/tools/compiler/ti-cgt-msp430_20.2.5.LTS/lib/</path>
         <kind>archive</kind>
         <file>rts430x_lc_rd_eabi.lib</file>
         <name>_io_perm.c.obj</name>
      </input_file>
      <input_file id="fl-93">
         <path>/Applications/ti/ccs1031/ccs/tools/compiler/ti-cgt-msp430_20.2.5.LTS/lib/</path>
         <kind>archive</kind>
         <file>rts430x_lc_rd_eabi.lib</file>
         <name>fputs.c.obj</name>
      </input_file>
      <input_file id="fl-94">
         <path>/Applications/ti/ccs1031/ccs/tools/compiler/ti-cgt-msp430_20.2.5.LTS/lib/</path>
         <kind>archive</kind>
         <file>rts430x_lc_rd_eabi.lib</file>
         <name>fseek.c.obj</name>
      </input_file>
      <input_file id="fl-95">
         <path>/Applications/ti/ccs1031/ccs/tools/compiler/ti-cgt-msp430_20.2.5.LTS/lib/</path>
         <kind>archive</kind>
         <file>rts430x_lc_rd_eabi.lib</file>
         <name>lseek.c.obj</name>
      </input_file>
      <input_file id="fl-96">
         <path>/Applications/ti/ccs1031/ccs/tools/compiler/ti-cgt-msp430_20.2.5.LTS/lib/</path>
         <kind>archive</kind>
         <file>rts430x_lc_rd_eabi.lib</file>
         <name>host_device.c.obj</name>
      </input_file>
      <input_file id="fl-97">
         <path>/Applications/ti/ccs1031/ccs/tools/compiler/ti-cgt-msp430_20.2.5.LTS/lib/</path>
         <kind>archive</kind>
         <file>rts430x_lc_rd_eabi.lib</file>
         <name>hostclose.c.obj</name>
      </input_file>
      <input_file id="fl-98">
         <path>/Applications/ti/ccs1031/ccs/tools/compiler/ti-cgt-msp430_20.2.5.LTS/lib/</path>
         <kind>archive</kind>
         <file>rts430x_lc_rd_eabi.lib</file>
         <name>hostlseek.c.obj</name>
      </input_file>
      <input_file id="fl-99">
         <path>/Applications/ti/ccs1031/ccs/tools/compiler/ti-cgt-msp430_20.2.5.LTS/lib/</path>
         <kind>archive</kind>
         <file>rts430x_lc_rd_eabi.lib</file>
         <name>hostopen.c.obj</name>
      </input_file>
      <input_file id="fl-9a">
         <path>/Applications/ti/ccs1031/ccs/tools/compiler/ti-cgt-msp430_20.2.5.LTS/lib/</path>
         <kind>archive</kind>
         <file>rts430x_lc_rd_eabi.lib</file>
         <name>hostread.c.obj</name>
      </input_file>
      <input_file id="fl-9b">
         <path>/Applications/ti/ccs1031/ccs/tools/compiler/ti-cgt-msp430_20.2.5.LTS/lib/</path>
         <kind>archive</kind>
         <file>rts430x_lc_rd_eabi.lib</file>
         <name>hostrename.c.obj</name>
      </input_file>
      <input_file id="fl-9c">
         <path>/Applications/ti/ccs1031/ccs/tools/compiler/ti-cgt-msp430_20.2.5.LTS/lib/</path>
         <kind>archive</kind>
         <file>rts430x_lc_rd_eabi.lib</file>
         <name>hostunlink.c.obj</name>
      </input_file>
      <input_file id="fl-9d">
         <path>/Applications/ti/ccs1031/ccs/tools/compiler/ti-cgt-msp430_20.2.5.LTS/lib/</path>
         <kind>archive</kind>
         <file>rts430x_lc_rd_eabi.lib</file>
         <name>hostwrite.c.obj</name>
      </input_file>
      <input_file id="fl-9f">
         <path>/Applications/ti/ccs1031/ccs/tools/compiler/ti-cgt-msp430_20.2.5.LTS/lib/</path>
         <kind>archive</kind>
         <file>rts430x_lc_rd_eabi.lib</file>
         <name>memccpy.c.obj</name>
      </input_file>
      <input_file id="fl-a0">
         <path>/Applications/ti/ccs1031/ccs/tools/compiler/ti-cgt-msp430_20.2.5.LTS/lib/</path>
         <kind>archive</kind>
         <file>rts430x_lc_rd_eabi.lib</file>
         <name>memchr.c.obj</name>
      </input_file>
      <input_file id="fl-a1">
         <path>/Applications/ti/ccs1031/ccs/tools/compiler/ti-cgt-msp430_20.2.5.LTS/lib/</path>
         <kind>archive</kind>
         <file>rts430x_lc_rd_eabi.lib</file>
         <name>setvbuf.c.obj</name>
      </input_file>
      <input_file id="fl-a2">
         <path>/Applications/ti/ccs1031/ccs/tools/compiler/ti-cgt-msp430_20.2.5.LTS/lib/</path>
         <kind>archive</kind>
         <file>rts430x_lc_rd_eabi.lib</file>
         <name>fopen.c.obj</name>
      </input_file>
      <input_file id="fl-a3">
         <path>/Applications/ti/ccs1031/ccs/tools/compiler/ti-cgt-msp430_20.2.5.LTS/lib/</path>
         <kind>archive</kind>
         <file>rts430x_lc_rd_eabi.lib</file>
         <name>fclose.c.obj</name>
      </input_file>
      <input_file id="fl-a4">
         <path>/Applications/ti/ccs1031/ccs/tools/compiler/ti-cgt-msp430_20.2.5.LTS/lib/</path>
         <kind>archive</kind>
         <file>rts430x_lc_rd_eabi.lib</file>
         <name>close.c.obj</name>
      </input_file>
      <input_file id="fl-a5">
         <path>/Applications/ti/ccs1031/ccs/tools/compiler/ti-cgt-msp430_20.2.5.LTS/lib/</path>
         <kind>archive</kind>
         <file>rts430x_lc_rd_eabi.lib</file>
         <name>memory.c.obj</name>
      </input_file>
      <input_file id="fl-a6">
         <path>/Applications/ti/ccs1031/ccs/tools/compiler/ti-cgt-msp430_20.2.5.LTS/lib/</path>
         <kind>archive</kind>
         <file>rts430x_lc_rd_eabi.lib</file>
         <name>open.c.obj</name>
      </input_file>
      <input_file id="fl-a7">
         <path>/Applications/ti/ccs1031/ccs/tools/compiler/ti-cgt-msp430_20.2.5.LTS/lib/</path>
         <kind>archive</kind>
         <file>rts430x_lc_rd_eabi.lib</file>
         <name>getdevice.c.obj</name>
      </input_file>
      <input_file id="fl-a8">
         <path>/Applications/ti/ccs1031/ccs/tools/compiler/ti-cgt-msp430_20.2.5.LTS/lib/</path>
         <kind>archive</kind>
         <file>rts430x_lc_rd_eabi.lib</file>
         <name>remove.c.obj</name>
      </input_file>
      <input_file id="fl-a9">
         <path>/Applications/ti/ccs1031/ccs/tools/compiler/ti-cgt-msp430_20.2.5.LTS/lib/</path>
         <kind>archive</kind>
         <file>rts430x_lc_rd_eabi.lib</file>
         <name>snprintf.c.obj</name>
      </input_file>
      <input_file id="fl-aa">
         <path>/Applications/ti/ccs1031/ccs/tools/compiler/ti-cgt-msp430_20.2.5.LTS/lib/</path>
         <kind>archive</kind>
         <file>rts430x_lc_rd_eabi.lib</file>
         <name>strchr.c.obj</name>
      </input_file>
      <input_file id="fl-ab">
         <path>/Applications/ti/ccs1031/ccs/tools/compiler/ti-cgt-msp430_20.2.5.LTS/lib/</path>
         <kind>archive</kind>
         <file>rts430x_lc_rd_eabi.lib</file>
         <name>strcmp.c.obj</name>
      </input_file>
      <input_file id="fl-ac">
         <path>/Applications/ti/ccs1031/ccs/tools/compiler/ti-cgt-msp430_20.2.5.LTS/lib/</path>
         <kind>archive</kind>
         <file>rts430x_lc_rd_eabi.lib</file>
         <name>strcpy.c.obj</name>
      </input_file>
      <input_file id="fl-ad">
         <path>/Applications/ti/ccs1031/ccs/tools/compiler/ti-cgt-msp430_20.2.5.LTS/lib/</path>
         <kind>archive</kind>
         <file>rts430x_lc_rd_eabi.lib</file>
         <name>strlen.c.obj</name>
      </input_file>
      <input_file id="fl-ae">
         <path>/Applications/ti/ccs1031/ccs/tools/compiler/ti-cgt-msp430_20.2.5.LTS/lib/</path>
         <kind>archive</kind>
         <file>rts430x_lc_rd_eabi.lib</file>
         <name>strncmp.c.obj</name>
      </input_file>
      <input_file id="fl-af">
         <path>/Applications/ti/ccs1031/ccs/tools/compiler/ti-cgt-msp430_20.2.5.LTS/lib/</path>
         <kind>archive</kind>
         <file>rts430x_lc_rd_eabi.lib</file>
         <name>strncpy.c.obj</name>
      </input_file>
      <input_file id="fl-b0">
         <path>/Applications/ti/ccs1031/ccs/tools/compiler/ti-cgt-msp430_20.2.5.LTS/lib/</path>
         <kind>archive</kind>
         <file>rts430x_lc_rd_eabi.lib</file>
         <name>unlink.c.obj</name>
      </input_file>
      <input_file id="fl-b1">
         <path>/Applications/ti/ccs1031/ccs/tools/compiler/ti-cgt-msp430_20.2.5.LTS/lib/</path>
         <kind>archive</kind>
         <file>rts430x_lc_rd_eabi.lib</file>
         <name>vsnprintf.c.obj</name>
      </input_file>
      <input_file id="fl-b2">
         <path>/Applications/ti/ccs1031/ccs/tools/compiler/ti-cgt-msp430_20.2.5.LTS/lib/</path>
         <kind>archive</kind>
         <file>rts430x_lc_rd_eabi.lib</file>
         <name>wcslen.c.obj</name>
      </input_file>
      <input_file id="fl-b3">
         <path>/Applications/ti/ccs1031/ccs/tools/compiler/ti-cgt-msp430_20.2.5.LTS/lib/</path>
         <kind>archive</kind>
         <file>rts430x_lc_rd_eabi.lib</file>
         <name>write.c.obj</name>
      </input_file>
      <input_file id="fl-b5">
         <path>/var/tmp/</path>
         <kind>object</kind>
         <file>TIgIGW2Qm2a</file>
         <name>TIgIGW2Qm2a</name>
      </input_file>
      <input_file id="fl-e">
         <path>./mulib/core/</path>
         <kind>object</kind>
         <file>mu_sched.obj</file>
         <name>mu_sched.obj</name>
      </input_file>
      <input_file id="fl-26">
         <kind>object</kind>
         <file>&lt;internal&gt;</file>
         <name>&lt;internal&gt;</name>
      </input_file>
      <input_file id="fl-48">
         <path>/Applications/ti/ccs1031/ccs/tools/compiler/ti-cgt-msp430_20.2.5.LTS/lib/</path>
         <kind>archive</kind>
         <file>rts430x_lc_rd_eabi.lib</file>
         <name>int18.asm.obj</name>
      </input_file>
      <input_file id="fl-49">
         <path>/Applications/ti/ccs1031/ccs/tools/compiler/ti-cgt-msp430_20.2.5.LTS/lib/</path>
         <kind>archive</kind>
         <file>rts430x_lc_rd_eabi.lib</file>
         <name>isr_trap.asm.obj</name>
      </input_file>
      <input_file id="fl-4a">
         <path>/Applications/ti/ccs1031/ccs/tools/compiler/ti-cgt-msp430_20.2.5.LTS/lib/</path>
         <kind>archive</kind>
         <file>rts430x_lc_rd_eabi.lib</file>
         <name>int19.asm.obj</name>
      </input_file>
      <input_file id="fl-4b">
         <path>/Applications/ti/ccs1031/ccs/tools/compiler/ti-cgt-msp430_20.2.5.LTS/lib/</path>
         <kind>archive</kind>
         <file>rts430x_lc_rd_eabi.lib</file>
         <name>int20.asm.obj</name>
      </input_file>
      <input_file id="fl-4c">
         <path>/Applications/ti/ccs1031/ccs/tools/compiler/ti-cgt-msp430_20.2.5.LTS/lib/</path>
         <kind>archive</kind>
         <file>rts430x_lc_rd_eabi.lib</file>
         <name>int21.asm.obj</name>
      </input_file>
      <input_file id="fl-4d">
         <path>/Applications/ti/ccs1031/ccs/tools/compiler/ti-cgt-msp430_20.2.5.LTS/lib/</path>
         <kind>archive</kind>
         <file>rts430x_lc_rd_eabi.lib</file>
         <name>int22.asm.obj</name>
      </input_file>
      <input_file id="fl-4e">
         <path>/Applications/ti/ccs1031/ccs/tools/compiler/ti-cgt-msp430_20.2.5.LTS/lib/</path>
         <kind>archive</kind>
         <file>rts430x_lc_rd_eabi.lib</file>
         <name>int23.asm.obj</name>
      </input_file>
      <input_file id="fl-4f">
         <path>/Applications/ti/ccs1031/ccs/tools/compiler/ti-cgt-msp430_20.2.5.LTS/lib/</path>
         <kind>archive</kind>
         <file>rts430x_lc_rd_eabi.lib</file>
         <name>int24.asm.obj</name>
      </input_file>
      <input_file id="fl-50">
         <path>/Applications/ti/ccs1031/ccs/tools/compiler/ti-cgt-msp430_20.2.5.LTS/lib/</path>
         <kind>archive</kind>
         <file>rts430x_lc_rd_eabi.lib</file>
         <name>int25.asm.obj</name>
      </input_file>
      <input_file id="fl-51">
         <path>/Applications/ti/ccs1031/ccs/tools/compiler/ti-cgt-msp430_20.2.5.LTS/lib/</path>
         <kind>archive</kind>
         <file>rts430x_lc_rd_eabi.lib</file>
         <name>int26.asm.obj</name>
      </input_file>
      <input_file id="fl-52">
         <path>/Applications/ti/ccs1031/ccs/tools/compiler/ti-cgt-msp430_20.2.5.LTS/lib/</path>
         <kind>archive</kind>
         <file>rts430x_lc_rd_eabi.lib</file>
         <name>int28.asm.obj</name>
      </input_file>
      <input_file id="fl-53">
         <path>/Applications/ti/ccs1031/ccs/tools/compiler/ti-cgt-msp430_20.2.5.LTS/lib/</path>
         <kind>archive</kind>
         <file>rts430x_lc_rd_eabi.lib</file>
         <name>int29.asm.obj</name>
      </input_file>
      <input_file id="fl-54">
         <path>/Applications/ti/ccs1031/ccs/tools/compiler/ti-cgt-msp430_20.2.5.LTS/lib/</path>
         <kind>archive</kind>
         <file>rts430x_lc_rd_eabi.lib</file>
         <name>int30.asm.obj</name>
      </input_file>
      <input_file id="fl-55">
         <path>/Applications/ti/ccs1031/ccs/tools/compiler/ti-cgt-msp430_20.2.5.LTS/lib/</path>
         <kind>archive</kind>
         <file>rts430x_lc_rd_eabi.lib</file>
         <name>int31.asm.obj</name>
      </input_file>
      <input_file id="fl-56">
         <path>/Applications/ti/ccs1031/ccs/tools/compiler/ti-cgt-msp430_20.2.5.LTS/lib/</path>
         <kind>archive</kind>
         <file>rts430x_lc_rd_eabi.lib</file>
         <name>int32.asm.obj</name>
      </input_file>
      <input_file id="fl-57">
         <path>/Applications/ti/ccs1031/ccs/tools/compiler/ti-cgt-msp430_20.2.5.LTS/lib/</path>
         <kind>archive</kind>
         <file>rts430x_lc_rd_eabi.lib</file>
         <name>int33.asm.obj</name>
      </input_file>
      <input_file id="fl-58">
         <path>/Applications/ti/ccs1031/ccs/tools/compiler/ti-cgt-msp430_20.2.5.LTS/lib/</path>
         <kind>archive</kind>
         <file>rts430x_lc_rd_eabi.lib</file>
         <name>int34.asm.obj</name>
      </input_file>
      <input_file id="fl-59">
         <path>/Applications/ti/ccs1031/ccs/tools/compiler/ti-cgt-msp430_20.2.5.LTS/lib/</path>
         <kind>archive</kind>
         <file>rts430x_lc_rd_eabi.lib</file>
         <name>int35.asm.obj</name>
      </input_file>
      <input_file id="fl-5a">
         <path>/Applications/ti/ccs1031/ccs/tools/compiler/ti-cgt-msp430_20.2.5.LTS/lib/</path>
         <kind>archive</kind>
         <file>rts430x_lc_rd_eabi.lib</file>
         <name>int36.asm.obj</name>
      </input_file>
      <input_file id="fl-5b">
         <path>/Applications/ti/ccs1031/ccs/tools/compiler/ti-cgt-msp430_20.2.5.LTS/lib/</path>
         <kind>archive</kind>
         <file>rts430x_lc_rd_eabi.lib</file>
         <name>int37.asm.obj</name>
      </input_file>
      <input_file id="fl-5c">
         <path>/Applications/ti/ccs1031/ccs/tools/compiler/ti-cgt-msp430_20.2.5.LTS/lib/</path>
         <kind>archive</kind>
         <file>rts430x_lc_rd_eabi.lib</file>
         <name>int38.asm.obj</name>
      </input_file>
      <input_file id="fl-5d">
         <path>/Applications/ti/ccs1031/ccs/tools/compiler/ti-cgt-msp430_20.2.5.LTS/lib/</path>
         <kind>archive</kind>
         <file>rts430x_lc_rd_eabi.lib</file>
         <name>int39.asm.obj</name>
      </input_file>
      <input_file id="fl-5e">
         <path>/Applications/ti/ccs1031/ccs/tools/compiler/ti-cgt-msp430_20.2.5.LTS/lib/</path>
         <kind>archive</kind>
         <file>rts430x_lc_rd_eabi.lib</file>
         <name>int40.asm.obj</name>
      </input_file>
      <input_file id="fl-5f">
         <path>/Applications/ti/ccs1031/ccs/tools/compiler/ti-cgt-msp430_20.2.5.LTS/lib/</path>
         <kind>archive</kind>
         <file>rts430x_lc_rd_eabi.lib</file>
         <name>int41.asm.obj</name>
      </input_file>
      <input_file id="fl-60">
         <path>/Applications/ti/ccs1031/ccs/tools/compiler/ti-cgt-msp430_20.2.5.LTS/lib/</path>
         <kind>archive</kind>
         <file>rts430x_lc_rd_eabi.lib</file>
         <name>int42.asm.obj</name>
      </input_file>
      <input_file id="fl-61">
         <path>/Applications/ti/ccs1031/ccs/tools/compiler/ti-cgt-msp430_20.2.5.LTS/lib/</path>
         <kind>archive</kind>
         <file>rts430x_lc_rd_eabi.lib</file>
         <name>int43.asm.obj</name>
      </input_file>
      <input_file id="fl-62">
         <path>/Applications/ti/ccs1031/ccs/tools/compiler/ti-cgt-msp430_20.2.5.LTS/lib/</path>
         <kind>archive</kind>
         <file>rts430x_lc_rd_eabi.lib</file>
         <name>int45.asm.obj</name>
      </input_file>
      <input_file id="fl-63">
         <path>/Applications/ti/ccs1031/ccs/tools/compiler/ti-cgt-msp430_20.2.5.LTS/lib/</path>
         <kind>archive</kind>
         <file>rts430x_lc_rd_eabi.lib</file>
         <name>int46.asm.obj</name>
      </input_file>
      <input_file id="fl-64">
         <path>/Applications/ti/ccs1031/ccs/tools/compiler/ti-cgt-msp430_20.2.5.LTS/lib/</path>
         <kind>archive</kind>
         <file>rts430x_lc_rd_eabi.lib</file>
         <name>int47.asm.obj</name>
      </input_file>
      <input_file id="fl-65">
         <path>/Applications/ti/ccs1031/ccs/tools/compiler/ti-cgt-msp430_20.2.5.LTS/lib/</path>
         <kind>archive</kind>
         <file>rts430x_lc_rd_eabi.lib</file>
         <name>int48.asm.obj</name>
      </input_file>
      <input_file id="fl-66">
         <path>/Applications/ti/ccs1031/ccs/tools/compiler/ti-cgt-msp430_20.2.5.LTS/lib/</path>
         <kind>archive</kind>
         <file>rts430x_lc_rd_eabi.lib</file>
         <name>int49.asm.obj</name>
      </input_file>
      <input_file id="fl-67">
         <path>/Applications/ti/ccs1031/ccs/tools/compiler/ti-cgt-msp430_20.2.5.LTS/lib/</path>
         <kind>archive</kind>
         <file>rts430x_lc_rd_eabi.lib</file>
         <name>int50.asm.obj</name>
      </input_file>
      <input_file id="fl-68">
         <path>/Applications/ti/ccs1031/ccs/tools/compiler/ti-cgt-msp430_20.2.5.LTS/lib/</path>
         <kind>archive</kind>
         <file>rts430x_lc_rd_eabi.lib</file>
         <name>int51.asm.obj</name>
      </input_file>
      <input_file id="fl-69">
         <path>/Applications/ti/ccs1031/ccs/tools/compiler/ti-cgt-msp430_20.2.5.LTS/lib/</path>
         <kind>archive</kind>
         <file>rts430x_lc_rd_eabi.lib</file>
         <name>int52.asm.obj</name>
      </input_file>
      <input_file id="fl-6a">
         <path>/Applications/ti/ccs1031/ccs/tools/compiler/ti-cgt-msp430_20.2.5.LTS/lib/</path>
         <kind>archive</kind>
         <file>rts430x_lc_rd_eabi.lib</file>
         <name>int53.asm.obj</name>
      </input_file>
      <input_file id="fl-6b">
         <path>/Applications/ti/ccs1031/ccs/tools/compiler/ti-cgt-msp430_20.2.5.LTS/lib/</path>
         <kind>archive</kind>
         <file>rts430x_lc_rd_eabi.lib</file>
         <name>int54.asm.obj</name>
      </input_file>
      <input_file id="fl-6d">
         <path>/Applications/ti/ccs1031/ccs/tools/compiler/ti-cgt-msp430_20.2.5.LTS/lib/</path>
         <kind>archive</kind>
         <file>rts430x_lc_rd_eabi.lib</file>
         <name>div16s.asm.obj</name>
      </input_file>
      <input_file id="fl-6e">
         <path>/Applications/ti/ccs1031/ccs/tools/compiler/ti-cgt-msp430_20.2.5.LTS/lib/</path>
         <kind>archive</kind>
         <file>rts430x_lc_rd_eabi.lib</file>
         <name>div32s.asm.obj</name>
      </input_file>
      <input_file id="fl-6f">
         <path>/Applications/ti/ccs1031/ccs/tools/compiler/ti-cgt-msp430_20.2.5.LTS/lib/</path>
         <kind>archive</kind>
         <file>rts430x_lc_rd_eabi.lib</file>
         <name>div16u.asm.obj</name>
      </input_file>
      <input_file id="fl-70">
         <path>/Applications/ti/ccs1031/ccs/tools/compiler/ti-cgt-msp430_20.2.5.LTS/lib/</path>
         <kind>archive</kind>
         <file>rts430x_lc_rd_eabi.lib</file>
         <name>div32u.asm.obj</name>
      </input_file>
      <input_file id="fl-71">
         <path>/Applications/ti/ccs1031/ccs/tools/compiler/ti-cgt-msp430_20.2.5.LTS/lib/</path>
         <kind>archive</kind>
         <file>rts430x_lc_rd_eabi.lib</file>
         <name>mult16.asm.obj</name>
      </input_file>
      <input_file id="fl-72">
         <path>/Applications/ti/ccs1031/ccs/tools/compiler/ti-cgt-msp430_20.2.5.LTS/lib/</path>
         <kind>archive</kind>
         <file>rts430x_lc_rd_eabi.lib</file>
         <name>mult16_f5hw.asm.obj</name>
      </input_file>
      <input_file id="fl-73">
         <path>/Applications/ti/ccs1031/ccs/tools/compiler/ti-cgt-msp430_20.2.5.LTS/lib/</path>
         <kind>archive</kind>
         <file>rts430x_lc_rd_eabi.lib</file>
         <name>mult32.asm.obj</name>
      </input_file>
      <input_file id="fl-74">
         <path>/Applications/ti/ccs1031/ccs/tools/compiler/ti-cgt-msp430_20.2.5.LTS/lib/</path>
         <kind>archive</kind>
         <file>rts430x_lc_rd_eabi.lib</file>
         <name>mult32_f5hw.asm.obj</name>
      </input_file>
      <input_file id="fl-75">
         <path>/Applications/ti/ccs1031/ccs/tools/compiler/ti-cgt-msp430_20.2.5.LTS/lib/</path>
         <kind>archive</kind>
         <file>rts430x_lc_rd_eabi.lib</file>
         <name>mult64_f5hw.asm.obj</name>
      </input_file>
      <input_file id="fl-76">
         <path>/Applications/ti/ccs1031/ccs/tools/compiler/ti-cgt-msp430_20.2.5.LTS/lib/</path>
         <kind>archive</kind>
         <file>rts430x_lc_rd_eabi.lib</file>
         <name>mult1632_f5hw.asm.obj</name>
      </input_file>
      <input_file id="fl-77">
         <path>/Applications/ti/ccs1031/ccs/tools/compiler/ti-cgt-msp430_20.2.5.LTS/lib/</path>
         <kind>archive</kind>
         <file>rts430x_lc_rd_eabi.lib</file>
         <name>mult3264_f5hw.asm.obj</name>
      </input_file>
      <input_file id="fl-78">
         <path>/Applications/ti/ccs1031/ccs/tools/compiler/ti-cgt-msp430_20.2.5.LTS/lib/</path>
         <kind>archive</kind>
         <file>rts430x_lc_rd_eabi.lib</file>
         <name>lsl32.asm.obj</name>
      </input_file>
      <input_file id="fl-79">
         <path>/Applications/ti/ccs1031/ccs/tools/compiler/ti-cgt-msp430_20.2.5.LTS/lib/</path>
         <kind>archive</kind>
         <file>rts430x_lc_rd_eabi.lib</file>
         <name>boot.c.obj</name>
      </input_file>
      <input_file id="fl-7b">
         <path>/Applications/ti/ccs1031/ccs/tools/compiler/ti-cgt-msp430_20.2.5.LTS/lib/</path>
         <kind>archive</kind>
         <file>rts430x_lc_rd_eabi.lib</file>
         <name>args_main.c.obj</name>
      </input_file>
      <input_file id="fl-7c">
         <path>/Applications/ti/ccs1031/ccs/tools/compiler/ti-cgt-msp430_20.2.5.LTS/lib/</path>
         <kind>archive</kind>
         <file>rts430x_lc_rd_eabi.lib</file>
         <name>autoinit.c.obj</name>
      </input_file>
      <input_file id="fl-7d">
         <path>/Applications/ti/ccs1031/ccs/tools/compiler/ti-cgt-msp430_20.2.5.LTS/lib/</path>
         <kind>archive</kind>
         <file>rts430x_lc_rd_eabi.lib</file>
         <name>startup.c.obj</name>
      </input_file>
      <input_file id="fl-80">
         <path>/Applications/ti/ccs1031/ccs/tools/compiler/ti-cgt-msp430_20.2.5.LTS/lib/</path>
         <kind>archive</kind>
         <file>rts430x_lc_rd_eabi.lib</file>
         <name>exit.c.obj</name>
      </input_file>
      <input_file id="fl-8a">
         <path>/Applications/ti/ccs1031/ccs/tools/compiler/ti-cgt-msp430_20.2.5.LTS/lib/</path>
         <kind>archive</kind>
         <file>rts430x_lc_rd_eabi.lib</file>
         <name>lsr32.asm.obj</name>
      </input_file>
      <input_file id="fl-9e">
         <path>/Applications/ti/ccs1031/ccs/tools/compiler/ti-cgt-msp430_20.2.5.LTS/lib/</path>
         <kind>archive</kind>
         <file>rts430x_lc_rd_eabi.lib</file>
         <name>trgmsg.c.obj</name>
      </input_file>
   </input_file_list>
   <object_component_list>
      <object_component id="oc-ab9">
         <name>.cio</name>
         <uninitialized>true</uninitialized>
         <run_address>0x4000</run_address>
         <size>0x120</size>
         <input_file_ref idref="fl-9e"/>
      </object_component>
      <object_component id="oc-6c6">
         <name>.sysmem</name>
         <uninitialized>true</uninitialized>
         <run_address>0x4120</run_address>
         <size>0x8</size>
         <input_file_ref idref="fl-a5"/>
      </object_component>
      <object_component id="oc-b3b">
         <name>.sysmem</name>
         <uninitialized>true</uninitialized>
         <run_address>0x4120</run_address>
         <size>0x0</size>
      </object_component>
      <object_component id="oc-b39">
         <name>.cinit..data.load</name>
         <load_address>0x4482</load_address>
         <run_address>0x4482</run_address>
         <size>0x51</size>
      </object_component>
      <object_component id="oc-b36">
         <name>__TI_handler_table</name>
         <load_address>0x44d4</load_address>
         <run_address>0x44d4</run_address>
         <size>0xc</size>
      </object_component>
      <object_component id="oc-b38">
         <name>.cinit..bss.load</name>
         <load_address>0x44e0</load_address>
         <run_address>0x44e0</run_address>
         <size>0x6</size>
      </object_component>
      <object_component id="oc-b37">
         <name>__TI_cinit_table</name>
         <load_address>0x44e6</load_address>
         <run_address>0x44e6</run_address>
         <size>0x10</size>
      </object_component>
      <object_component id="oc-ac5">
         <name>.binit</name>
         <load_address>0x4000</load_address>
         <run_address>0x4000</run_address>
         <size>0x0</size>
      </object_component>
      <object_component id="oc-6eb">
         <name>.text:_isr:Port_5</name>
         <load_address>0x4400</load_address>
         <run_address>0x4400</run_address>
         <size>0x44</size>
         <input_file_ref idref="fl-4"/>
      </object_component>
      <object_component id="oc-721">
         <name>.text:_isr:_c_int00_noargs_mpu</name>
         <load_address>0x4444</load_address>
         <run_address>0x4444</run_address>
         <size>0x20</size>
         <input_file_ref idref="fl-79"/>
      </object_component>
      <object_component id="oc-6f1">
         <name>.text:_isr:Timer</name>
         <load_address>0x4464</load_address>
         <run_address>0x4464</run_address>
         <size>0x10</size>
         <input_file_ref idref="fl-5"/>
      </object_component>
      <object_component id="oc-6e6">
         <name>.text:_isr:__TI_ISR_TRAP</name>
         <load_address>0x4474</load_address>
         <run_address>0x4474</run_address>
         <size>0x8</size>
         <input_file_ref idref="fl-49"/>
      </object_component>
      <object_component id="oc-904">
         <name>.const:.string</name>
         <load_address>0x447c</load_address>
         <run_address>0x447c</run_address>
         <size>0x6</size>
         <input_file_ref idref="fl-e"/>
      </object_component>
      <object_component id="oc-816">
         <name>.text:tower_init</name>
         <load_address>0x10000</load_address>
         <run_address>0x10000</run_address>
         <size>0x13e</size>
         <input_file_ref idref="fl-1f"/>
      </object_component>
      <object_component id="oc-9d7">
         <name>.text:tower_draw</name>
         <load_address>0x1013e</load_address>
         <run_address>0x1013e</run_address>
         <size>0x112</size>
         <input_file_ref idref="fl-1f"/>
      </object_component>
      <object_component id="oc-a24">
         <name>.text:aligned_alloc</name>
         <load_address>0x10250</load_address>
         <run_address>0x10250</run_address>
         <size>0x10a</size>
         <input_file_ref idref="fl-a5"/>
      </object_component>
      <object_component id="oc-a10">
         <name>.text:setvbuf</name>
         <load_address>0x1035a</load_address>
         <run_address>0x1035a</run_address>
         <size>0xe0</size>
         <input_file_ref idref="fl-a1"/>
      </object_component>
      <object_component id="oc-a86">
         <name>.text:__TI_closefile</name>
         <load_address>0x1043a</load_address>
         <run_address>0x1043a</run_address>
         <size>0xde</size>
         <input_file_ref idref="fl-a3"/>
      </object_component>
      <object_component id="oc-a1e">
         <name>.text:free</name>
         <load_address>0x10518</load_address>
         <run_address>0x10518</run_address>
         <size>0xda</size>
         <input_file_ref idref="fl-a5"/>
      </object_component>
      <object_component id="oc-9f9">
         <name>.text:__TI_wrt_ok</name>
         <load_address>0x105f2</load_address>
         <run_address>0x105f2</run_address>
         <size>0xc0</size>
         <input_file_ref idref="fl-92"/>
      </object_component>
      <object_component id="oc-ab2">
         <name>.text:getdevice</name>
         <load_address>0x106b2</load_address>
         <run_address>0x106b2</run_address>
         <size>0xba</size>
         <input_file_ref idref="fl-a7"/>
      </object_component>
      <object_component id="oc-a49">
         <name>.text:HOSTlseek</name>
         <load_address>0x1076c</load_address>
         <run_address>0x1076c</run_address>
         <size>0x9a</size>
         <input_file_ref idref="fl-98"/>
      </object_component>
      <object_component id="oc-9cc">
         <name>.text:animator_task_fn$23</name>
         <load_address>0x10806</load_address>
         <run_address>0x10806</run_address>
         <size>0x96</size>
         <input_file_ref idref="fl-1a"/>
      </object_component>
      <object_component id="oc-9ea">
         <name>.text:fputc</name>
         <load_address>0x1089c</load_address>
         <run_address>0x1089c</run_address>
         <size>0x90</size>
         <input_file_ref idref="fl-90"/>
      </object_component>
      <object_component id="oc-a55">
         <name>.text:HOSTrename</name>
         <load_address>0x1092c</load_address>
         <run_address>0x1092c</run_address>
         <size>0x8c</size>
         <input_file_ref idref="fl-9b"/>
      </object_component>
      <object_component id="oc-a31">
         <name>.text:HOSTopen</name>
         <load_address>0x109b8</load_address>
         <run_address>0x109b8</run_address>
         <size>0x76</size>
         <input_file_ref idref="fl-99"/>
      </object_component>
      <object_component id="oc-84">
         <name>.text:decompress:lzss:__TI_decompress_lzss</name>
         <load_address>0x10a2e</load_address>
         <run_address>0x10a2e</run_address>
         <size>0x76</size>
         <input_file_ref idref="fl-46"/>
      </object_component>
      <object_component id="oc-a7c">
         <name>.text:split$69</name>
         <load_address>0x10aa4</load_address>
         <run_address>0x10aa4</run_address>
         <size>0x70</size>
         <input_file_ref idref="fl-a5"/>
      </object_component>
      <object_component id="oc-81c">
         <name>.text:mu_sched_step</name>
         <load_address>0x10b14</load_address>
         <run_address>0x10b14</run_address>
         <size>0x6e</size>
         <input_file_ref idref="fl-e"/>
      </object_component>
      <object_component id="oc-a43">
         <name>.text:HOSTwrite</name>
         <load_address>0x10b82</load_address>
         <run_address>0x10b82</run_address>
         <size>0x6c</size>
         <input_file_ref idref="fl-9d"/>
      </object_component>
      <object_component id="oc-a3d">
         <name>.text:HOSTread</name>
         <load_address>0x10bee</load_address>
         <run_address>0x10bee</run_address>
         <size>0x6a</size>
         <input_file_ref idref="fl-9a"/>
      </object_component>
      <object_component id="oc-9ff">
         <name>.text:__TI_doflush</name>
         <load_address>0x10c58</load_address>
         <run_address>0x10c58</run_address>
         <size>0x64</size>
         <input_file_ref idref="fl-91"/>
      </object_component>
      <object_component id="oc-862">
         <name>.text:mu_sched_init</name>
         <load_address>0x10cbc</load_address>
         <run_address>0x10cbc</run_address>
         <size>0x62</size>
         <input_file_ref idref="fl-e"/>
      </object_component>
      <object_component id="oc-9a9">
         <name>.text:move_disk_aux$28</name>
         <load_address>0x10d1e</load_address>
         <run_address>0x10d1e</run_address>
         <size>0x5e</size>
         <input_file_ref idref="fl-1f"/>
      </object_component>
      <object_component id="oc-847">
         <name>.text:__TI_auto_init_nobinit_nopinit_hold_wdt:__TI_auto_init_nobinit_nopinit_hold_wdt</name>
         <load_address>0x10d7c</load_address>
         <run_address>0x10d7c</run_address>
         <size>0x54</size>
         <input_file_ref idref="fl-7c"/>
      </object_component>
      <object_component id="oc-a37">
         <name>.text:HOSTclose</name>
         <load_address>0x10dd0</load_address>
         <run_address>0x10dd0</run_address>
         <size>0x4e</size>
         <input_file_ref idref="fl-97"/>
      </object_component>
      <object_component id="oc-a4f">
         <name>.text:HOSTunlink</name>
         <load_address>0x10e1e</load_address>
         <run_address>0x10e1e</run_address>
         <size>0x4c</size>
         <input_file_ref idref="fl-9c"/>
      </object_component>
      <object_component id="oc-957">
         <name>.text:find_insertion_point</name>
         <load_address>0x10e6a</load_address>
         <run_address>0x10e6a</run_address>
         <size>0x4c</size>
         <input_file_ref idref="fl-e"/>
      </object_component>
      <object_component id="oc-829">
         <name>.text:exit</name>
         <load_address>0x10eb6</load_address>
         <run_address>0x10eb6</run_address>
         <size>0x4a</size>
         <input_file_ref idref="fl-80"/>
      </object_component>
      <object_component id="oc-86b">
         <name>.text:tower_task_fn$28</name>
         <load_address>0x10f00</load_address>
         <run_address>0x10f00</run_address>
         <size>0x48</size>
         <input_file_ref idref="fl-1f"/>
      </object_component>
      <object_component id="oc-925">
         <name>.text:move_disk$28</name>
         <load_address>0x10f48</load_address>
         <run_address>0x10f48</run_address>
         <size>0x44</size>
         <input_file_ref idref="fl-1f"/>
      </object_component>
      <object_component id="oc-a9e">
         <name>.text:l_lsl_const</name>
         <load_address>0x10f8c</load_address>
         <run_address>0x10f8c</run_address>
         <size>0x3e</size>
         <input_file_ref idref="fl-78"/>
      </object_component>
      <object_component id="oc-a05">
         <name>.text:write</name>
         <load_address>0x10fca</load_address>
         <run_address>0x10fca</run_address>
         <size>0x3c</size>
         <input_file_ref idref="fl-b3"/>
      </object_component>
      <object_component id="oc-896">
         <name>.text:queue_task</name>
         <load_address>0x11006</load_address>
         <run_address>0x11006</run_address>
         <size>0x38</size>
         <input_file_ref idref="fl-e"/>
      </object_component>
      <object_component id="oc-a8e">
         <name>.text:__TI_writemsg</name>
         <load_address>0x1103e</load_address>
         <run_address>0x1103e</run_address>
         <size>0x36</size>
         <input_file_ref idref="fl-9e"/>
      </object_component>
      <object_component id="oc-a94">
         <name>.text:__TI_readmsg</name>
         <load_address>0x11074</load_address>
         <run_address>0x11074</run_address>
         <size>0x32</size>
         <input_file_ref idref="fl-9e"/>
      </object_component>
      <object_component id="oc-89c">
         <name>.text:mu_spsc_get</name>
         <load_address>0x110a6</load_address>
         <run_address>0x110a6</run_address>
         <size>0x30</size>
         <input_file_ref idref="fl-f"/>
      </object_component>
      <object_component id="oc-7f8">
         <name>.text:__mpu_init</name>
         <load_address>0x110d6</load_address>
         <run_address>0x110d6</run_address>
         <size>0x2c</size>
         <input_file_ref idref="fl-7a"/>
      </object_component>
      <object_component id="oc-a6f">
         <name>.text:free_list_insert$69</name>
         <load_address>0x11102</load_address>
         <run_address>0x11102</run_address>
         <size>0x2c</size>
         <input_file_ref idref="fl-a5"/>
      </object_component>
      <object_component id="oc-920">
         <name>.text</name>
         <load_address>0x1112e</load_address>
         <run_address>0x1112e</run_address>
         <size>0x2c</size>
         <input_file_ref idref="fl-6d"/>
      </object_component>
      <object_component id="oc-a69">
         <name>.text:free_list_remove$69</name>
         <load_address>0x1115a</load_address>
         <run_address>0x1115a</run_address>
         <size>0x2a</size>
         <input_file_ref idref="fl-a5"/>
      </object_component>
      <object_component id="oc-a2a">
         <name>.text:__TI_cleanup</name>
         <load_address>0x11184</load_address>
         <run_address>0x11184</run_address>
         <size>0x28</size>
         <input_file_ref idref="fl-a2"/>
      </object_component>
      <object_component id="oc-9dd">
         <name>.text:mu_sched_task_in</name>
         <load_address>0x111ac</load_address>
         <run_address>0x111ac</run_address>
         <size>0x28</size>
         <input_file_ref idref="fl-e"/>
      </object_component>
      <object_component id="oc-951">
         <name>.text:mu_dlist_unlink</name>
         <load_address>0x111d4</load_address>
         <run_address>0x111d4</run_address>
         <size>0x26</size>
         <input_file_ref idref="fl-8"/>
      </object_component>
      <object_component id="oc-905">
         <name>.text:mu_spsc_init</name>
         <load_address>0x111fa</load_address>
         <run_address>0x111fa</run_address>
         <size>0x26</size>
         <input_file_ref idref="fl-f"/>
      </object_component>
      <object_component id="oc-6f7">
         <name>.text:decompress:ZI:__TI_zero_init_nomemset:__TI_zero_init_nomemset</name>
         <load_address>0x11220</load_address>
         <run_address>0x11220</run_address>
         <size>0x24</size>
         <input_file_ref idref="fl-6c"/>
      </object_component>
      <object_component id="oc-88c">
         <name>.text:mu_sched_task_now</name>
         <load_address>0x11244</load_address>
         <run_address>0x11244</run_address>
         <size>0x1c</size>
         <input_file_ref idref="fl-e"/>
      </object_component>
      <object_component id="oc-95d">
         <name>.text:mu_dlist_insert_prev</name>
         <load_address>0x11260</load_address>
         <run_address>0x11260</run_address>
         <size>0x18</size>
         <input_file_ref idref="fl-8"/>
      </object_component>
      <object_component id="oc-871">
         <name>.text:mu_task_init</name>
         <load_address>0x11278</load_address>
         <run_address>0x11278</run_address>
         <size>0x18</size>
         <input_file_ref idref="fl-12"/>
      </object_component>
      <object_component id="oc-8f5">
         <name>.text:mu_time_now</name>
         <load_address>0x11290</load_address>
         <run_address>0x11290</run_address>
         <size>0x18</size>
         <input_file_ref idref="fl-5"/>
      </object_component>
      <object_component id="oc-990">
         <name>.text</name>
         <load_address>0x112a8</load_address>
         <run_address>0x112a8</run_address>
         <size>0x18</size>
         <input_file_ref idref="fl-72"/>
      </object_component>
      <object_component id="oc-a5d">
         <name>.text:heap_start$69</name>
         <load_address>0x112c0</load_address>
         <run_address>0x112c0</run_address>
         <size>0x16</size>
         <input_file_ref idref="fl-a5"/>
      </object_component>
      <object_component id="oc-8ba">
         <name>.text:mu_task_call</name>
         <load_address>0x112d6</load_address>
         <run_address>0x112d6</run_address>
         <size>0x16</size>
         <input_file_ref idref="fl-12"/>
      </object_component>
      <object_component id="oc-9a3">
         <name>.text</name>
         <load_address>0x112ec</load_address>
         <run_address>0x112ec</run_address>
         <size>0x16</size>
         <input_file_ref idref="fl-6f"/>
      </object_component>
      <object_component id="oc-a63">
         <name>.text:heap_size$69</name>
         <load_address>0x11302</load_address>
         <run_address>0x11302</run_address>
         <size>0x14</size>
         <input_file_ref idref="fl-a5"/>
      </object_component>
      <object_component id="oc-6dd">
         <name>.text:memcpy</name>
         <load_address>0x11316</load_address>
         <run_address>0x11316</run_address>
         <size>0x14</size>
         <input_file_ref idref="fl-83"/>
      </object_component>
      <object_component id="oc-9e4">
         <name>.text:memset</name>
         <load_address>0x1132a</load_address>
         <run_address>0x1132a</run_address>
         <size>0x14</size>
         <input_file_ref idref="fl-85"/>
      </object_component>
      <object_component id="oc-8b4">
         <name>.text:mu_dlist_pop</name>
         <load_address>0x1133e</load_address>
         <run_address>0x1133e</run_address>
         <size>0x14</size>
         <input_file_ref idref="fl-8"/>
      </object_component>
      <object_component id="oc-886">
         <name>.text:pole_disk_count</name>
         <load_address>0x11352</load_address>
         <run_address>0x11352</run_address>
         <size>0x14</size>
         <input_file_ref idref="fl-1e"/>
      </object_component>
      <object_component id="oc-8a">
         <name>.text:decompress:none:__TI_decompress_none</name>
         <load_address>0x11366</load_address>
         <run_address>0x11366</run_address>
         <size>0x12</size>
         <input_file_ref idref="fl-47"/>
      </object_component>
      <object_component id="oc-8ae">
         <name>.text:mu_time_follows</name>
         <load_address>0x11378</load_address>
         <run_address>0x11378</run_address>
         <size>0x12</size>
         <input_file_ref idref="fl-5"/>
      </object_component>
      <object_component id="oc-9b9">
         <name>.text:mu_time_precedes</name>
         <load_address>0x1138a</load_address>
         <run_address>0x1138a</run_address>
         <size>0x12</size>
         <input_file_ref idref="fl-5"/>
      </object_component>
      <object_component id="oc-8a2">
         <name>.text:mu_dlist_first</name>
         <load_address>0x1139c</load_address>
         <run_address>0x1139c</run_address>
         <size>0x10</size>
         <input_file_ref idref="fl-8"/>
      </object_component>
      <object_component id="oc-917">
         <name>.text:mu_dlist_is_empty</name>
         <load_address>0x113ac</load_address>
         <run_address>0x113ac</run_address>
         <size>0x10</size>
         <input_file_ref idref="fl-8"/>
      </object_component>
      <object_component id="oc-7e6">
         <name>.text:main</name>
         <load_address>0x113bc</load_address>
         <run_address>0x113bc</run_address>
         <size>0xc</size>
         <input_file_ref idref="fl-2"/>
      </object_component>
      <object_component id="oc-911">
         <name>.text:mu_spsc_reset</name>
         <load_address>0x113c8</load_address>
         <run_address>0x113c8</run_address>
         <size>0xc</size>
         <input_file_ref idref="fl-f"/>
      </object_component>
      <object_component id="oc-8a8">
         <name>.text:mu_task_get_time</name>
         <load_address>0x113d4</load_address>
         <run_address>0x113d4</run_address>
         <size>0xc</size>
         <input_file_ref idref="fl-12"/>
      </object_component>
      <object_component id="oc-90b">
         <name>.text:mu_dlist_init</name>
         <load_address>0x113e0</load_address>
         <run_address>0x113e0</run_address>
         <size>0xa</size>
         <input_file_ref idref="fl-8"/>
      </object_component>
      <object_component id="oc-93d">
         <name>.text:mu_task_set_time</name>
         <load_address>0x113ea</load_address>
         <run_address>0x113ea</run_address>
         <size>0xa</size>
         <input_file_ref idref="fl-12"/>
      </object_component>
      <object_component id="oc-823">
         <name>.text:abort</name>
         <load_address>0x113f4</load_address>
         <run_address>0x113f4</run_address>
         <size>0x6</size>
         <input_file_ref idref="fl-80"/>
      </object_component>
      <object_component id="oc-9b3">
         <name>.text:mu_dlist_next</name>
         <load_address>0x113fa</load_address>
         <run_address>0x113fa</run_address>
         <size>0x6</size>
         <input_file_ref idref="fl-8"/>
      </object_component>
      <object_component id="oc-9f1">
         <name>.text:mu_time_offset</name>
         <load_address>0x11400</load_address>
         <run_address>0x11400</run_address>
         <size>0x6</size>
         <input_file_ref idref="fl-5"/>
      </object_component>
      <object_component id="oc-7e0">
         <name>.text:_system_pre_init</name>
         <load_address>0x11406</load_address>
         <run_address>0x11406</run_address>
         <size>0x4</size>
         <input_file_ref idref="fl-7e"/>
      </object_component>
      <object_component id="oc-978">
         <name>.text:_nop</name>
         <load_address>0x1140a</load_address>
         <run_address>0x1140a</run_address>
         <size>0x2</size>
         <input_file_ref idref="fl-82"/>
      </object_component>
      <object_component id="oc-8d4">
         <name>.text:_system_post_cinit</name>
         <load_address>0x1140c</load_address>
         <run_address>0x1140c</run_address>
         <size>0x2</size>
         <input_file_ref idref="fl-7d"/>
      </object_component>
      <object_component id="oc-8fe">
         <name>.text:default_idle_fn</name>
         <load_address>0x1140e</load_address>
         <run_address>0x1140e</run_address>
         <size>0x2</size>
         <input_file_ref idref="fl-e"/>
      </object_component>
      <object_component id="oc-94b">
         <name>.text:mu_task_link</name>
         <load_address>0x11410</load_address>
         <run_address>0x11410</run_address>
         <size>0x2</size>
         <input_file_ref idref="fl-12"/>
      </object_component>
      <object_component id="oc-893">
         <name>.bss:s_sched</name>
         <uninitialized>true</uninitialized>
         <run_address>0x1e8c</run_address>
         <size>0x3e</size>
         <input_file_ref idref="fl-e"/>
      </object_component>
      <object_component id="oc-8fb">
         <name>.bss:s_default_idle_task</name>
         <uninitialized>true</uninitialized>
         <run_address>0x1f28</run_address>
         <size>0x14</size>
         <input_file_ref idref="fl-e"/>
      </object_component>
      <object_component id="oc-7d6">
         <name>.bss</name>
         <uninitialized>true</uninitialized>
         <run_address>0x1f58</run_address>
         <size>0x8</size>
         <input_file_ref idref="fl-4"/>
      </object_component>
      <object_component id="oc-7da">
         <name>.bss</name>
         <uninitialized>true</uninitialized>
         <run_address>0x1f68</run_address>
         <size>0x4</size>
         <input_file_ref idref="fl-5"/>
      </object_component>
      <object_component id="oc-9c9">
         <name>.bss:s_animator_ctx$23</name>
         <uninitialized>true</uninitialized>
         <run_address>0x1ef2</run_address>
         <size>0x20</size>
         <input_file_ref idref="fl-1a"/>
      </object_component>
      <object_component id="oc-877">
         <name>.bss:s_fb$26</name>
         <uninitialized>true</uninitialized>
         <run_address>0x1f4e</run_address>
         <size>0xa</size>
         <input_file_ref idref="fl-1d"/>
      </object_component>
      <object_component id="oc-868">
         <name>.bss:s_tower_ctx$28</name>
         <uninitialized>true</uninitialized>
         <run_address>0x1f12</run_address>
         <size>0x16</size>
         <input_file_ref idref="fl-1f"/>
      </object_component>
      <object_component id="oc-87a">
         <name>.bss:s_backing_buf$28</name>
         <uninitialized>true</uninitialized>
         <run_address>0x1c00</run_address>
         <size>0xf6</size>
         <input_file_ref idref="fl-1f"/>
      </object_component>
      <object_component id="oc-87d">
         <name>.bss:s_display_buf$28</name>
         <uninitialized>true</uninitialized>
         <run_address>0x1cf6</run_address>
         <size>0xf6</size>
         <input_file_ref idref="fl-1f"/>
      </object_component>
      <object_component id="oc-883">
         <name>.bss:s_disks$28</name>
         <uninitialized>true</uninitialized>
         <run_address>0x1eca</run_address>
         <size>0x28</size>
         <input_file_ref idref="fl-1f"/>
      </object_component>
      <object_component id="oc-880">
         <name>.bss:s_poles$28</name>
         <uninitialized>true</uninitialized>
         <run_address>0x1f3c</run_address>
         <size>0x12</size>
         <input_file_ref idref="fl-1f"/>
      </object_component>
      <object_component id="oc-a79">
         <name>.bss</name>
         <uninitialized>true</uninitialized>
         <run_address>0x1f6c</run_address>
         <size>0x4</size>
         <input_file_ref idref="fl-a5"/>
      </object_component>
      <object_component id="oc-ab1">
         <name>.common:__TI_tmpnams</name>
         <uninitialized>true</uninitialized>
         <run_address>0x1dec</run_address>
         <size>0xa0</size>
      </object_component>
      <object_component id="oc-a8d">
         <name>.common:parmbuf</name>
         <uninitialized>true</uninitialized>
         <run_address>0x1f60</run_address>
         <size>0x8</size>
      </object_component>
      <object_component id="oc-8c3">
         <name>.data</name>
         <load_address>0x20fc</load_address>
         <run_address>0x20fc</run_address>
         <size>0x2</size>
         <input_file_ref idref="fl-80"/>
      </object_component>
      <object_component id="oc-8cc">
         <name>.data:__TI_cleanup_ptr</name>
         <load_address>0x20ec</load_address>
         <run_address>0x20ec</run_address>
         <size>0x4</size>
         <input_file_ref idref="fl-81"/>
      </object_component>
      <object_component id="oc-8c9">
         <name>.data:__TI_dtors_ptr</name>
         <load_address>0x20f0</load_address>
         <run_address>0x20f0</run_address>
         <size>0x4</size>
         <input_file_ref idref="fl-81"/>
      </object_component>
      <object_component id="oc-8c6">
         <name>.data:_lock</name>
         <load_address>0x20f4</load_address>
         <run_address>0x20f4</run_address>
         <size>0x4</size>
         <input_file_ref idref="fl-82"/>
      </object_component>
      <object_component id="oc-8cf">
         <name>.data:_unlock</name>
         <load_address>0x20f8</load_address>
         <run_address>0x20f8</run_address>
         <size>0x4</size>
         <input_file_ref idref="fl-82"/>
      </object_component>
      <object_component id="oc-a83">
         <name>.data:_ftable</name>
         <load_address>0x1f70</load_address>
         <run_address>0x1f70</run_address>
         <size>0xc8</size>
         <input_file_ref idref="fl-8c"/>
      </object_component>
      <object_component id="oc-a0d">
         <name>.data:_stream</name>
         <load_address>0x20b0</load_address>
         <run_address>0x20b0</run_address>
         <size>0x3c</size>
         <input_file_ref idref="fl-96"/>
      </object_component>
      <object_component id="oc-a19">
         <name>.data:_device</name>
         <load_address>0x2038</load_address>
         <run_address>0x2038</run_address>
         <size>0x78</size>
         <input_file_ref idref="fl-96"/>
      </object_component>
      <object_component id="oc-a76">
         <name>.data</name>
         <load_address>0x20fe</load_address>
         <run_address>0x20fe</run_address>
         <size>0x2</size>
         <input_file_ref idref="fl-a5"/>
      </object_component>
      <object_component id="oc-6c9">
         <name>.stack</name>
         <uninitialized>true</uninitialized>
         <run_address>0x2b60</run_address>
         <size>0x4</size>
         <input_file_ref idref="fl-79"/>
      </object_component>
      <object_component id="oc-b3a">
         <name>.stack</name>
         <uninitialized>true</uninitialized>
         <run_address>0x2b60</run_address>
         <size>0x0</size>
      </object_component>
      <object_component id="oc-90">
         <name>.int18</name>
         <load_address>0xffb4</load_address>
         <run_address>0xffb4</run_address>
         <size>0x2</size>
         <input_file_ref idref="fl-48"/>
      </object_component>
      <object_component id="oc-91">
         <name>.int19</name>
         <load_address>0xffb6</load_address>
         <run_address>0xffb6</run_address>
         <size>0x2</size>
         <input_file_ref idref="fl-4a"/>
      </object_component>
      <object_component id="oc-92">
         <name>.int20</name>
         <load_address>0xffb8</load_address>
         <run_address>0xffb8</run_address>
         <size>0x2</size>
         <input_file_ref idref="fl-4b"/>
      </object_component>
      <object_component id="oc-93">
         <name>.int21</name>
         <load_address>0xffba</load_address>
         <run_address>0xffba</run_address>
         <size>0x2</size>
         <input_file_ref idref="fl-4c"/>
      </object_component>
      <object_component id="oc-94">
         <name>.int22</name>
         <load_address>0xffbc</load_address>
         <run_address>0xffbc</run_address>
         <size>0x2</size>
         <input_file_ref idref="fl-4d"/>
      </object_component>
      <object_component id="oc-95">
         <name>.int23</name>
         <load_address>0xffbe</load_address>
         <run_address>0xffbe</run_address>
         <size>0x2</size>
         <input_file_ref idref="fl-4e"/>
      </object_component>
      <object_component id="oc-96">
         <name>.int24</name>
         <load_address>0xffc0</load_address>
         <run_address>0xffc0</run_address>
         <size>0x2</size>
         <input_file_ref idref="fl-4f"/>
      </object_component>
      <object_component id="oc-97">
         <name>.int25</name>
         <load_address>0xffc2</load_address>
         <run_address>0xffc2</run_address>
         <size>0x2</size>
         <input_file_ref idref="fl-50"/>
      </object_component>
      <object_component id="oc-98">
         <name>.int26</name>
         <load_address>0xffc4</load_address>
         <run_address>0xffc4</run_address>
         <size>0x2</size>
         <input_file_ref idref="fl-51"/>
      </object_component>
      <object_component id="oc-99">
         <name>.int27</name>
         <load_address>0xffc6</load_address>
         <run_address>0xffc6</run_address>
         <size>0x2</size>
         <input_file_ref idref="fl-b5"/>
      </object_component>
      <object_component id="oc-9a">
         <name>.int28</name>
         <load_address>0xffc8</load_address>
         <run_address>0xffc8</run_address>
         <size>0x2</size>
         <input_file_ref idref="fl-52"/>
      </object_component>
      <object_component id="oc-9b">
         <name>.int29</name>
         <load_address>0xffca</load_address>
         <run_address>0xffca</run_address>
         <size>0x2</size>
         <input_file_ref idref="fl-53"/>
      </object_component>
      <object_component id="oc-9c">
         <name>.int30</name>
         <load_address>0xffcc</load_address>
         <run_address>0xffcc</run_address>
         <size>0x2</size>
         <input_file_ref idref="fl-54"/>
      </object_component>
      <object_component id="oc-9d">
         <name>.int31</name>
         <load_address>0xffce</load_address>
         <run_address>0xffce</run_address>
         <size>0x2</size>
         <input_file_ref idref="fl-55"/>
      </object_component>
      <object_component id="oc-9e">
         <name>.int32</name>
         <load_address>0xffd0</load_address>
         <run_address>0xffd0</run_address>
         <size>0x2</size>
         <input_file_ref idref="fl-56"/>
      </object_component>
      <object_component id="oc-9f">
         <name>.int33</name>
         <load_address>0xffd2</load_address>
         <run_address>0xffd2</run_address>
         <size>0x2</size>
         <input_file_ref idref="fl-57"/>
      </object_component>
      <object_component id="oc-a0">
         <name>.int34</name>
         <load_address>0xffd4</load_address>
         <run_address>0xffd4</run_address>
         <size>0x2</size>
         <input_file_ref idref="fl-58"/>
      </object_component>
      <object_component id="oc-a1">
         <name>.int35</name>
         <load_address>0xffd6</load_address>
         <run_address>0xffd6</run_address>
         <size>0x2</size>
         <input_file_ref idref="fl-59"/>
      </object_component>
      <object_component id="oc-a2">
         <name>.int36</name>
         <load_address>0xffd8</load_address>
         <run_address>0xffd8</run_address>
         <size>0x2</size>
         <input_file_ref idref="fl-5a"/>
      </object_component>
      <object_component id="oc-a3">
         <name>.int37</name>
         <load_address>0xffda</load_address>
         <run_address>0xffda</run_address>
         <size>0x2</size>
         <input_file_ref idref="fl-5b"/>
      </object_component>
      <object_component id="oc-a4">
         <name>.int38</name>
         <load_address>0xffdc</load_address>
         <run_address>0xffdc</run_address>
         <size>0x2</size>
         <input_file_ref idref="fl-5c"/>
      </object_component>
      <object_component id="oc-a5">
         <name>.int39</name>
         <load_address>0xffde</load_address>
         <run_address>0xffde</run_address>
         <size>0x2</size>
         <input_file_ref idref="fl-5d"/>
      </object_component>
      <object_component id="oc-a6">
         <name>.int40</name>
         <load_address>0xffe0</load_address>
         <run_address>0xffe0</run_address>
         <size>0x2</size>
         <input_file_ref idref="fl-5e"/>
      </object_component>
      <object_component id="oc-a7">
         <name>.int41</name>
         <load_address>0xffe2</load_address>
         <run_address>0xffe2</run_address>
         <size>0x2</size>
         <input_file_ref idref="fl-5f"/>
      </object_component>
      <object_component id="oc-a8">
         <name>.int42</name>
         <load_address>0xffe4</load_address>
         <run_address>0xffe4</run_address>
         <size>0x2</size>
         <input_file_ref idref="fl-60"/>
      </object_component>
      <object_component id="oc-a9">
         <name>.int43</name>
         <load_address>0xffe6</load_address>
         <run_address>0xffe6</run_address>
         <size>0x2</size>
         <input_file_ref idref="fl-61"/>
      </object_component>
      <object_component id="oc-aa">
         <name>.int44</name>
         <load_address>0xffe8</load_address>
         <run_address>0xffe8</run_address>
         <size>0x2</size>
         <input_file_ref idref="fl-b5"/>
      </object_component>
      <object_component id="oc-ab">
         <name>.int45</name>
         <load_address>0xffea</load_address>
         <run_address>0xffea</run_address>
         <size>0x2</size>
         <input_file_ref idref="fl-62"/>
      </object_component>
      <object_component id="oc-ac">
         <name>.int46</name>
         <load_address>0xffec</load_address>
         <run_address>0xffec</run_address>
         <size>0x2</size>
         <input_file_ref idref="fl-63"/>
      </object_component>
      <object_component id="oc-ad">
         <name>.int47</name>
         <load_address>0xffee</load_address>
         <run_address>0xffee</run_address>
         <size>0x2</size>
         <input_file_ref idref="fl-64"/>
      </object_component>
      <object_component id="oc-ae">
         <name>.int48</name>
         <load_address>0xfff0</load_address>
         <run_address>0xfff0</run_address>
         <size>0x2</size>
         <input_file_ref idref="fl-65"/>
      </object_component>
      <object_component id="oc-af">
         <name>.int49</name>
         <load_address>0xfff2</load_address>
         <run_address>0xfff2</run_address>
         <size>0x2</size>
         <input_file_ref idref="fl-66"/>
      </object_component>
      <object_component id="oc-b0">
         <name>.int50</name>
         <load_address>0xfff4</load_address>
         <run_address>0xfff4</run_address>
         <size>0x2</size>
         <input_file_ref idref="fl-67"/>
      </object_component>
      <object_component id="oc-b1">
         <name>.int51</name>
         <load_address>0xfff6</load_address>
         <run_address>0xfff6</run_address>
         <size>0x2</size>
         <input_file_ref idref="fl-68"/>
      </object_component>
      <object_component id="oc-b2">
         <name>.int52</name>
         <load_address>0xfff8</load_address>
         <run_address>0xfff8</run_address>
         <size>0x2</size>
         <input_file_ref idref="fl-69"/>
      </object_component>
      <object_component id="oc-b3">
         <name>.int53</name>
         <load_address>0xfffa</load_address>
         <run_address>0xfffa</run_address>
         <size>0x2</size>
         <input_file_ref idref="fl-6a"/>
      </object_component>
      <object_component id="oc-b4">
         <name>.int54</name>
         <load_address>0xfffc</load_address>
         <run_address>0xfffc</run_address>
         <size>0x2</size>
         <input_file_ref idref="fl-6b"/>
      </object_component>
      <object_component id="oc-6cc">
         <name>.reset</name>
         <load_address>0xfffe</load_address>
         <run_address>0xfffe</run_address>
         <size>0x2</size>
         <input_file_ref idref="fl-79"/>
      </object_component>
      <object_component id="oc-8c1">
         <name>.debug_info</name>
         <load_address>0x0</load_address>
         <run_address>0x0</run_address>
         <size>0x6e9</size>
         <input_file_ref idref="fl-e"/>
      </object_component>
      <object_component id="oc-894">
         <name>.debug_info</name>
         <load_address>0x6e9</load_address>
         <run_address>0x6e9</run_address>
         <size>0x12a</size>
         <input_file_ref idref="fl-e"/>
      </object_component>
      <object_component id="oc-8fc">
         <name>.debug_info</name>
         <load_address>0x813</load_address>
         <run_address>0x813</run_address>
         <size>0x142</size>
         <input_file_ref idref="fl-e"/>
      </object_component>
      <object_component id="oc-8ff">
         <name>.debug_info</name>
         <load_address>0x955</load_address>
         <run_address>0x955</run_address>
         <size>0x1dc</size>
         <input_file_ref idref="fl-e"/>
      </object_component>
      <object_component id="oc-958">
         <name>.debug_info</name>
         <load_address>0xb31</load_address>
         <run_address>0xb31</run_address>
         <size>0x278</size>
         <input_file_ref idref="fl-e"/>
      </object_component>
      <object_component id="oc-897">
         <name>.debug_info</name>
         <load_address>0xda9</load_address>
         <run_address>0xda9</run_address>
         <size>0x288</size>
         <input_file_ref idref="fl-e"/>
      </object_component>
      <object_component id="oc-88d">
         <name>.debug_info</name>
         <load_address>0x1031</load_address>
         <run_address>0x1031</run_address>
         <size>0x216</size>
         <input_file_ref idref="fl-e"/>
      </object_component>
      <object_component id="oc-9de">
         <name>.debug_info</name>
         <load_address>0x1247</load_address>
         <run_address>0x1247</run_address>
         <size>0x24d</size>
         <input_file_ref idref="fl-e"/>
      </object_component>
      <object_component id="oc-81d">
         <name>.debug_info</name>
         <load_address>0x1494</load_address>
         <run_address>0x1494</run_address>
         <size>0x29f</size>
         <input_file_ref idref="fl-e"/>
      </object_component>
      <object_component id="oc-863">
         <name>.debug_info</name>
         <load_address>0x1733</load_address>
         <run_address>0x1733</run_address>
         <size>0x232</size>
         <input_file_ref idref="fl-e"/>
      </object_component>
      <object_component id="oc-946">
         <name>.debug_info</name>
         <load_address>0x1965</load_address>
         <run_address>0x1965</run_address>
         <size>0xae</size>
         <input_file_ref idref="fl-e"/>
      </object_component>
      <object_component id="oc-9c1">
         <name>.debug_info</name>
         <load_address>0x1a13</load_address>
         <run_address>0x1a13</run_address>
         <size>0x282</size>
         <input_file_ref idref="fl-e"/>
      </object_component>
      <object_component id="oc-971">
         <name>.debug_info</name>
         <load_address>0x1c95</load_address>
         <run_address>0x1c95</run_address>
         <size>0xbb</size>
         <input_file_ref idref="fl-e"/>
      </object_component>
      <object_component id="oc-96c">
         <name>.debug_info</name>
         <load_address>0x1d50</load_address>
         <run_address>0x1d50</run_address>
         <size>0x53</size>
         <input_file_ref idref="fl-e"/>
      </object_component>
      <object_component id="oc-6e7">
         <name>.debug_info</name>
         <load_address>0x1da3</load_address>
         <run_address>0x1da3</run_address>
         <size>0x10f</size>
         <input_file_ref idref="fl-49"/>
      </object_component>
      <object_component id="oc-921">
         <name>.debug_info</name>
         <load_address>0x1eb2</load_address>
         <run_address>0x1eb2</run_address>
         <size>0x135</size>
         <input_file_ref idref="fl-6d"/>
      </object_component>
      <object_component id="oc-9a4">
         <name>.debug_info</name>
         <load_address>0x1fe7</load_address>
         <run_address>0x1fe7</run_address>
         <size>0x121</size>
         <input_file_ref idref="fl-6f"/>
      </object_component>
      <object_component id="oc-991">
         <name>.debug_info</name>
         <load_address>0x2108</load_address>
         <run_address>0x2108</run_address>
         <size>0x130</size>
         <input_file_ref idref="fl-72"/>
      </object_component>
      <object_component id="oc-a9f">
         <name>.debug_info</name>
         <load_address>0x2238</load_address>
         <run_address>0x2238</run_address>
         <size>0x126</size>
         <input_file_ref idref="fl-78"/>
      </object_component>
      <object_component id="oc-6ca">
         <name>.debug_info</name>
         <load_address>0x235e</load_address>
         <run_address>0x235e</run_address>
         <size>0x100</size>
         <input_file_ref idref="fl-79"/>
      </object_component>
      <object_component id="oc-722">
         <name>.debug_info</name>
         <load_address>0x245e</load_address>
         <run_address>0x245e</run_address>
         <size>0x193</size>
         <input_file_ref idref="fl-79"/>
      </object_component>
      <object_component id="oc-737">
         <name>.debug_info</name>
         <load_address>0x25f1</load_address>
         <run_address>0x25f1</run_address>
         <size>0x84</size>
         <input_file_ref idref="fl-79"/>
      </object_component>
      <object_component id="oc-8db">
         <name>.debug_info</name>
         <load_address>0x2675</load_address>
         <run_address>0x2675</run_address>
         <size>0x3fc</size>
         <input_file_ref idref="fl-7c"/>
      </object_component>
      <object_component id="oc-848">
         <name>.debug_info</name>
         <load_address>0x2a71</load_address>
         <run_address>0x2a71</run_address>
         <size>0x230</size>
         <input_file_ref idref="fl-7c"/>
      </object_component>
      <object_component id="oc-98b">
         <name>.debug_info</name>
         <load_address>0x2ca1</load_address>
         <run_address>0x2ca1</run_address>
         <size>0x39</size>
         <input_file_ref idref="fl-7c"/>
      </object_component>
      <object_component id="oc-996">
         <name>.debug_info</name>
         <load_address>0x2cda</load_address>
         <run_address>0x2cda</run_address>
         <size>0x2c</size>
         <input_file_ref idref="fl-7c"/>
      </object_component>
      <object_component id="oc-8e6">
         <name>.debug_info</name>
         <load_address>0x2d06</load_address>
         <run_address>0x2d06</run_address>
         <size>0x2c</size>
         <input_file_ref idref="fl-7c"/>
      </object_component>
      <object_component id="oc-8d5">
         <name>.debug_info</name>
         <load_address>0x2d32</load_address>
         <run_address>0x2d32</run_address>
         <size>0x150</size>
         <input_file_ref idref="fl-7d"/>
      </object_component>
      <object_component id="oc-8d3">
         <name>.debug_info</name>
         <load_address>0x2e82</load_address>
[...]
         <name>setvbuf</name>
         <value>0x1035a</value>
         <object_component_ref idref="oc-a10"/>
      </symbol>
      <symbol id="sm-a0b">
         <name>__TI_cleanup</name>
         <value>0x11184</value>
         <object_component_ref idref="oc-a2a"/>
      </symbol>
      <symbol id="sm-a0c">
         <name>free</name>
         <value>0x10518</value>
         <object_component_ref idref="oc-a1e"/>
      </symbol>
      <symbol id="sm-a0d">
         <name>putc</name>
         <value>0x1089c</value>
         <object_component_ref idref="oc-9ea"/>
      </symbol>
      <symbol id="sm-a0e">
         <name>_stream</name>
         <value>0x20b0</value>
         <object_component_ref idref="oc-a0d"/>
      </symbol>
      <symbol id="sm-a0f">
         <name>memset</name>
         <value>0x1132a</value>
         <object_component_ref idref="oc-9e4"/>
      </symbol>
      <symbol id="sm-a10">
         <name>__TI_doflush</name>
         <value>0x10c58</value>
         <object_component_ref idref="oc-9ff"/>
      </symbol>
      <symbol id="sm-a11">
         <name>__TI_int44</name>
         <value>0xffe8</value>
         <object_component_ref idref="oc-aa"/>
      </symbol>
      <symbol id="sm-a12">
         <name>_nop</name>
         <value>0x1140a</value>
         <object_component_ref idref="oc-978"/>
      </symbol>
      <symbol id="sm-a13">
         <name>pole_disk_count</name>
         <value>0x11352</value>
         <object_component_ref idref="oc-886"/>
      </symbol>
      <symbol id="sm-a14">
         <name>Port_5</name>
         <value>0x4400</value>
         <object_component_ref idref="oc-6eb"/>
      </symbol>
      <symbol id="sm-a15">
         <name>_device</name>
         <value>0x2038</value>
         <object_component_ref idref="oc-a19"/>
      </symbol>
      <symbol id="sm-a16">
         <name>__mpu_init</name>
         <value>0x110d6</value>
         <object_component_ref idref="oc-7f8"/>
      </symbol>
      <symbol id="sm-a17">
         <name>Timer</name>
         <value>0x4464</value>
         <object_component_ref idref="oc-6f1"/>
      </symbol>
      <symbol id="sm-a18">
         <name>mu_dlist_init</name>
         <value>0x113e0</value>
         <object_component_ref idref="oc-90b"/>
      </symbol>
      <symbol id="sm-a19">
         <name>mu_time_offset</name>
         <value>0x11400</value>
         <object_component_ref idref="oc-9f1"/>
      </symbol>
      <symbol id="sm-a1a">
         <name>mu_task_set_time</name>
         <value>0x113ea</value>
         <object_component_ref idref="oc-93d"/>
      </symbol>
      <symbol id="sm-a1b">
         <name>__TI_closefile</name>
         <value>0x1043a</value>
         <object_component_ref idref="oc-a86"/>
      </symbol>
      <symbol id="sm-a1c">
         <name>mu_dlist_is_empty</name>
         <value>0x113ac</value>
         <object_component_ref idref="oc-917"/>
      </symbol>
      <symbol id="sm-a1d">
         <name>main</name>
         <value>0x113bc</value>
         <object_component_ref idref="oc-7e6"/>
      </symbol>
      <symbol id="sm-a1e">
         <name>mu_dlist_unlink</name>
         <value>0x111d4</value>
         <object_component_ref idref="oc-951"/>
      </symbol>
      <symbol id="sm-a1f">
         <name>mu_time_follows</name>
         <value>0x11378</value>
         <object_component_ref idref="oc-8ae"/>
      </symbol>
      <symbol id="sm-a20">
         <name>_lock</name>
         <value>0x20f4</value>
         <object_component_ref idref="oc-8c6"/>
      </symbol>
      <symbol id="sm-a21">
         <name>tower_init</name>
         <value>0x10000</value>
         <object_component_ref idref="oc-816"/>
      </symbol>
      <symbol id="sm-a22">
         <name>tower_draw</name>
         <value>0x1013e</value>
         <object_component_ref idref="oc-9d7"/>
      </symbol>
      <symbol id="sm-a23">
         <name>pole_top_y</name>
         <value>0x11352</value>
         <object_component_ref idref="oc-886"/>
      </symbol>
      <symbol id="sm-a24">
         <name>HOSTunlink</name>
         <value>0x10e1e</value>
         <object_component_ref idref="oc-a4f"/>
      </symbol>
      <symbol id="sm-a25">
         <name>_unlock</name>
         <value>0x20f8</value>
         <object_component_ref idref="oc-8cf"/>
      </symbol>
      <symbol id="sm-a26">
         <name>mu_task_call</name>
         <value>0x112d6</value>
         <object_component_ref idref="oc-8ba"/>
      </symbol>
      <symbol id="sm-a27">
         <name>_ftable</name>
         <value>0x1f70</value>
         <object_component_ref idref="oc-a83"/>
      </symbol>
      <symbol id="sm-a28">
         <name>__TI_zero_init_nomemset</name>
         <value>0x11220</value>
         <object_component_ref idref="oc-6f7"/>
      </symbol>
      <symbol id="sm-a29">
         <name>mu_dlist_pop</name>
         <value>0x1133e</value>
         <object_component_ref idref="oc-8b4"/>
      </symbol>
      <symbol id="sm-a2a">
         <name>HOSTlseek</name>
         <value>0x1076c</value>
         <object_component_ref idref="oc-a49"/>
      </symbol>
      <symbol id="sm-a2b">
         <name>HOSTopen</name>
         <value>0x109b8</value>
         <object_component_ref idref="oc-a31"/>
      </symbol>
      <symbol id="sm-a2c">
         <name>memalign</name>
         <value>0x10250</value>
         <object_component_ref idref="oc-a24"/>
      </symbol>
      <symbol id="sm-a2d">
         <name>mu_spsc_reset</name>
         <value>0x113c8</value>
         <object_component_ref idref="oc-911"/>
      </symbol>
      <symbol id="sm-a2e">
         <name>__TI_dtors_ptr</name>
         <value>0x20f0</value>
         <object_component_ref idref="oc-8c9"/>
      </symbol>
      <symbol id="sm-a2f">
         <name>getdevice</name>
         <value>0x106b2</value>
         <object_component_ref idref="oc-ab2"/>
      </symbol>
      <symbol id="sm-a30">
         <name>fputc</name>
         <value>0x1089c</value>
         <object_component_ref idref="oc-9ea"/>
      </symbol>
      <symbol id="sm-a31">
         <name>__TI_decompress_lzss</name>
         <value>0x10a2e</value>
         <object_component_ref idref="oc-84"/>
      </symbol>
      <symbol id="sm-a32">
         <name>mu_spsc_init</name>
         <value>0x111fa</value>
         <object_component_ref idref="oc-905"/>
      </symbol>
      <symbol id="sm-a33">
         <name>HOSTwrite</name>
         <value>0x10b82</value>
         <object_component_ref idref="oc-a43"/>
      </symbol>
      <symbol id="sm-a34">
         <name>__TI_cleanup_ptr</name>
         <value>0x20ec</value>
         <object_component_ref idref="oc-8cc"/>
      </symbol>
      <symbol id="sm-a35">
         <name>write</name>
         <value>0x10fca</value>
         <object_component_ref idref="oc-a05"/>
      </symbol>
      <symbol id="sm-a36">
         <name>aligned_alloc</name>
         <value>0x10250</value>
         <object_component_ref idref="oc-a24"/>
      </symbol>
      <symbol id="sm-a37">
         <name>mu_task_get_time</name>
         <value>0x113d4</value>
         <object_component_ref idref="oc-8a8"/>
      </symbol>
      <symbol id="sm-a38">
         <name>HOSTread</name>
         <value>0x10bee</value>
         <object_component_ref idref="oc-a3d"/>
      </symbol>
      <symbol id="sm-a39">
         <name>mu_task_link</name>
         <value>0x11410</value>
         <object_component_ref idref="oc-94b"/>
      </symbol>
      <symbol id="sm-a3a">
         <name>mu_time_precedes</name>
         <value>0x1138a</value>
         <object_component_ref idref="oc-9b9"/>
      </symbol>
      <symbol id="sm-a3b">
         <name>mu_spsc_get</name>
         <value>0x110a6</value>
         <object_component_ref idref="oc-89c"/>
      </symbol>
      <symbol id="sm-a3c">
         <name>__TI_decompress_none</name>
         <value>0x11366</value>
         <object_component_ref idref="oc-8a"/>
      </symbol>
      <symbol id="sm-a3d">
         <name>_system_pre_init</name>
         <value>0x11406</value>
         <object_component_ref idref="oc-7e0"/>
      </symbol>
      <symbol id="sm-a3e">
         <name>mu_task_init</name>
         <value>0x11278</value>
         <object_component_ref idref="oc-871"/>
      </symbol>
      <symbol id="sm-a3f">
         <name>mu_dlist_next</name>
         <value>0x113fa</value>
         <object_component_ref idref="oc-9b3"/>
      </symbol>
      <symbol id="sm-aa7">
         <name>mu_sched_task_now</name>
         <value>0x11244</value>
         <object_component_ref idref="oc-88c"/>
      </symbol>
      <symbol id="sm-aa8">
         <name>mu_sched_init</name>
         <value>0x10cbc</value>
         <object_component_ref idref="oc-862"/>
      </symbol>
      <symbol id="sm-aa9">
         <name>mu_sched_step</name>
         <value>0x10b14</value>
         <object_component_ref idref="oc-81c"/>
      </symbol>
      <symbol id="sm-aaa">
         <name>mu_sched_task_in</name>
         <value>0x111ac</value>
         <object_component_ref idref="oc-9dd"/>
      </symbol>
      <symbol id="sm-aad">
         <name>__TI_int18</name>
         <value>0xffb4</value>
         <object_component_ref idref="oc-90"/>
      </symbol>
      <symbol id="sm-ab5">
         <name>__TI_ISR_TRAP</name>
         <value>0x4474</value>
         <object_component_ref idref="oc-6e6"/>
      </symbol>
      <symbol id="sm-ab8">
         <name>__TI_int19</name>
         <value>0xffb6</value>
         <object_component_ref idref="oc-91"/>
      </symbol>
      <symbol id="sm-abb">
         <name>__TI_int20</name>
         <value>0xffb8</value>
         <object_component_ref idref="oc-92"/>
      </symbol>
      <symbol id="sm-abe">
         <name>__TI_int21</name>
         <value>0xffba</value>
         <object_component_ref idref="oc-93"/>
      </symbol>
      <symbol id="sm-ac1">
         <name>__TI_int22</name>
         <value>0xffbc</value>
         <object_component_ref idref="oc-94"/>
      </symbol>
      <symbol id="sm-ac4">
         <name>__TI_int23</name>
         <value>0xffbe</value>
         <object_component_ref idref="oc-95"/>
      </symbol>
      <symbol id="sm-ac7">
         <name>__TI_int24</name>
         <value>0xffc0</value>
         <object_component_ref idref="oc-96"/>
      </symbol>
      <symbol id="sm-aca">
         <name>__TI_int25</name>
         <value>0xffc2</value>
         <object_component_ref idref="oc-97"/>
      </symbol>
      <symbol id="sm-acd">
         <name>__TI_int26</name>
         <value>0xffc4</value>
         <object_component_ref idref="oc-98"/>
      </symbol>
      <symbol id="sm-ad0">
         <name>__TI_int28</name>
         <value>0xffc8</value>
         <object_component_ref idref="oc-9a"/>
      </symbol>
      <symbol id="sm-ad3">
         <name>__TI_int29</name>
         <value>0xffca</value>
         <object_component_ref idref="oc-9b"/>
      </symbol>
      <symbol id="sm-ad6">
         <name>__TI_int30</name>
         <value>0xffcc</value>
         <object_component_ref idref="oc-9c"/>
      </symbol>
      <symbol id="sm-ad9">
         <name>__TI_int31</name>
         <value>0xffce</value>
         <object_component_ref idref="oc-9d"/>
      </symbol>
      <symbol id="sm-adc">
         <name>__TI_int32</name>
         <value>0xffd0</value>
         <object_component_ref idref="oc-9e"/>
      </symbol>
      <symbol id="sm-adf">
         <name>__TI_int33</name>
         <value>0xffd2</value>
         <object_component_ref idref="oc-9f"/>
      </symbol>
      <symbol id="sm-ae2">
         <name>__TI_int34</name>
         <value>0xffd4</value>
         <object_component_ref idref="oc-a0"/>
      </symbol>
      <symbol id="sm-ae5">
         <name>__TI_int35</name>
         <value>0xffd6</value>
         <object_component_ref idref="oc-a1"/>
      </symbol>
      <symbol id="sm-ae8">
         <name>__TI_int36</name>
         <value>0xffd8</value>
         <object_component_ref idref="oc-a2"/>
      </symbol>
      <symbol id="sm-aeb">
         <name>__TI_int37</name>
         <value>0xffda</value>
         <object_component_ref idref="oc-a3"/>
      </symbol>
      <symbol id="sm-aee">
         <name>__TI_int38</name>
         <value>0xffdc</value>
         <object_component_ref idref="oc-a4"/>
      </symbol>
      <symbol id="sm-af1">
         <name>__TI_int39</name>
         <value>0xffde</value>
         <object_component_ref idref="oc-a5"/>
      </symbol>
      <symbol id="sm-af4">
         <name>__TI_int40</name>
         <value>0xffe0</value>
         <object_component_ref idref="oc-a6"/>
      </symbol>
      <symbol id="sm-af7">
         <name>__TI_int41</name>
         <value>0xffe2</value>
         <object_component_ref idref="oc-a7"/>
      </symbol>
      <symbol id="sm-afa">
         <name>__TI_int42</name>
         <value>0xffe4</value>
         <object_component_ref idref="oc-a8"/>
      </symbol>
      <symbol id="sm-afd">
         <name>__TI_int43</name>
         <value>0xffe6</value>
         <object_component_ref idref="oc-a9"/>
      </symbol>
      <symbol id="sm-b00">
         <name>__TI_int45</name>
         <value>0xffea</value>
         <object_component_ref idref="oc-ab"/>
      </symbol>
      <symbol id="sm-b03">
         <name>__TI_int46</name>
         <value>0xffec</value>
         <object_component_ref idref="oc-ac"/>
      </symbol>
      <symbol id="sm-b06">
         <name>__TI_int47</name>
         <value>0xffee</value>
         <object_component_ref idref="oc-ad"/>
      </symbol>
      <symbol id="sm-b09">
         <name>__TI_int48</name>
         <value>0xfff0</value>
         <object_component_ref idref="oc-ae"/>
      </symbol>
      <symbol id="sm-b0c">
         <name>__TI_int49</name>
         <value>0xfff2</value>
         <object_component_ref idref="oc-af"/>
      </symbol>
      <symbol id="sm-b0f">
         <name>__TI_int50</name>
         <value>0xfff4</value>
         <object_component_ref idref="oc-b0"/>
      </symbol>
      <symbol id="sm-b12">
         <name>__TI_int51</name>
         <value>0xfff6</value>
         <object_component_ref idref="oc-b1"/>
      </symbol>
      <symbol id="sm-b15">
         <name>__TI_int52</name>
         <value>0xfff8</value>
         <object_component_ref idref="oc-b2"/>
      </symbol>
      <symbol id="sm-b18">
         <name>__TI_int53</name>
         <value>0xfffa</value>
         <object_component_ref idref="oc-b3"/>
      </symbol>
      <symbol id="sm-b1b">
         <name>__TI_int54</name>
         <value>0xfffc</value>
         <object_component_ref idref="oc-b4"/>
      </symbol>
      <symbol id="sm-b27">
         <name>__mspabi_remi</name>
         <value>0x1112e</value>
         <object_component_ref idref="oc-920"/>
      </symbol>
      <symbol id="sm-b28">
         <name>__mspabi_divi</name>
         <value>0x1112e</value>
         <object_component_ref idref="oc-920"/>
      </symbol>
      <symbol id="sm-b33">
         <name>__mspabi_remu</name>
         <value>0x112ec</value>
         <object_component_ref idref="oc-9a3"/>
      </symbol>
      <symbol id="sm-b34">
         <name>__mspabi_divu</name>
         <value>0x112ec</value>
         <object_component_ref idref="oc-9a3"/>
      </symbol>
      <symbol id="sm-b3e">
         <name>__mspabi_mpyi_f5hw</name>
         <value>0x112a8</value>
         <object_component_ref idref="oc-990"/>
      </symbol>
      <symbol id="sm-b4b">
         <name>__mspabi_slll_9</name>
         <value>0x10fa4</value>
         <object_component_ref idref="oc-a9e"/>
      </symbol>
      <symbol id="sm-b4c">
         <name>__mspabi_slll_8</name>
         <value>0x10fa8</value>
         <object_component_ref idref="oc-a9e"/>
      </symbol>
      <symbol id="sm-b4d">
         <name>__mspabi_slll_7</name>
         <value>0x10fac</value>
         <object_component_ref idref="oc-a9e"/>
      </symbol>
      <symbol id="sm-b4e">
         <name>__mspabi_slll_6</name>
         <value>0x10fb0</value>
         <object_component_ref idref="oc-a9e"/>
      </symbol>
      <symbol id="sm-b4f">
         <name>__mspabi_slll_5</name>
         <value>0x10fb4</value>
         <object_component_ref idref="oc-a9e"/>
      </symbol>
      <symbol id="sm-b50">
         <name>__mspabi_slll_4</name>
         <value>0x10fb8</value>
         <object_component_ref idref="oc-a9e"/>
      </symbol>
      <symbol id="sm-b51">
         <name>__mspabi_slll_3</name>
         <value>0x10fbc</value>
         <object_component_ref idref="oc-a9e"/>
      </symbol>
      <symbol id="sm-b52">
         <name>__mspabi_slll_2</name>
         <value>0x10fc0</value>
         <object_component_ref idref="oc-a9e"/>
      </symbol>
      <symbol id="sm-b53">
         <name>__mspabi_slll_1</name>
         <value>0x10fc4</value>
         <object_component_ref idref="oc-a9e"/>
      </symbol>
      <symbol id="sm-b54">
         <name>__mspabi_slll_15</name>
         <value>0x10f8c</value>
         <object_component_ref idref="oc-a9e"/>
      </symbol>
      <symbol id="sm-b55">
         <name>__mspabi_slll_14</name>
         <value>0x10f90</value>
         <object_component_ref idref="oc-a9e"/>
      </symbol>
      <symbol id="sm-b56">
         <name>__mspabi_slll_13</name>
         <value>0x10f94</value>
         <object_component_ref idref="oc-a9e"/>
      </symbol>
      <symbol id="sm-b57">
         <name>__mspabi_slll_12</name>
         <value>0x10f98</value>
         <object_component_ref idref="oc-a9e"/>
      </symbol>
      <symbol id="sm-b58">
         <name>__mspabi_slll_11</name>
         <value>0x10f9c</value>
         <object_component_ref idref="oc-a9e"/>
      </symbol>
      <symbol id="sm-b59">
         <name>__mspabi_slll_10</name>
         <value>0x10fa0</value>
         <object_component_ref idref="oc-a9e"/>
      </symbol>
      <symbol id="sm-b6e">
         <name>_c_int00_noargs_mpu</name>
         <value>0x4444</value>
         <object_component_ref idref="oc-721"/>
      </symbol>
      <symbol id="sm-b6f">
         <name>_stack</name>
         <value>0x2b60</value>
         <object_component_ref idref="oc-6c9"/>
      </symbol>
      <symbol id="sm-b70">
         <name>_reset_vector</name>
         <value>0xfffe</value>
         <object_component_ref idref="oc-6cc"/>
      </symbol>
      <symbol id="sm-b8f">
         <name>__TI_auto_init_nobinit_nopinit_hold_wdt</name>
         <value>0x10d7c</value>
         <object_component_ref idref="oc-847"/>
      </symbol>
      <symbol id="sm-b98">
         <name>_system_post_cinit</name>
         <value>0x1140c</value>
         <object_component_ref idref="oc-8d4"/>
      </symbol>
      <symbol id="sm-bb5">
         <name>C$$EXIT</name>
         <value>0x113f4</value>
         <object_component_ref idref="oc-823"/>
      </symbol>
      <symbol id="sm-bb6">
         <name>abort</name>
         <value>0x113f4</value>
         <object_component_ref idref="oc-823"/>
      </symbol>
      <symbol id="sm-bb7">
         <name>__TI_enable_exit_profile_output</name>
         <value>0x20fc</value>
         <object_component_ref idref="oc-8c3"/>
      </symbol>
      <symbol id="sm-bb8">
         <name>exit</name>
         <value>0x10eb6</value>
         <object_component_ref idref="oc-829"/>
      </symbol>
      <symbol id="sm-bd7">
         <name>__TI_readmsg</name>
         <value>0x11074</value>
         <object_component_ref idref="oc-a94"/>
      </symbol>
      <symbol id="sm-bd8">
         <name>C$$IO$$</name>
         <value>0x11070</value>
         <object_component_ref idref="oc-a8e"/>
      </symbol>
      <symbol id="sm-bd9">
         <name>_CIOBUF_</name>
         <value>0x4000</value>
         <object_component_ref idref="oc-ab9"/>
      </symbol>
      <symbol id="sm-bda">
         <name>__TI_writemsg</name>
         <value>0x1103e</value>
         <object_component_ref idref="oc-a8e"/>
      </symbol>
   </symbol_table>
   <title>Link successful</title>
</link_info>
